SOURCELONG:Book of Vile Darkness	SOURCESHORT:BoVD	SOURCEWEB:http://www.gozzilioni.net																				
																						
#Angelkiller	COST:110350																					
#Blackguard's Blade	COST:9515																					
#Chain of Barriers	COST:29325																					
#Charnel Reaver	COST:108330																					
#Harrowheart	COST:15320																					
#Warpsword	COST:78350																					
																						
# Equipment Name	Output Name		Type	Cost	Weight	Base Quantity	Modifier	Requires Modification?	Source Page	Weapon prop. bonus	Special Property											
#Axe of Ancestral Virtue		PROFICIENCY:WEAPON|Waraxe (Dwarven)	TYPE:Enhancement.Weapon.Melee.Martial.Exotic.Specific.Dwarven.Slashing.Axe.Relic	COST:60	WT:8	WIELD:TwoHanded		SIZE:M	DAMAGE:1d10	CRITRANGE:1	CRITMULT:x3	EQMOD:ADAMANT_WEAP.PLUS4W.KEEN							SOURCEPAGE:CD	MODS:NO	PREDEITY:1,Moradin	ABILITY:Special Ability|VIRTUAL|Axe of Ancestral Virtue Ability
Angelkiller		PROFICIENCY:WEAPON|Greatsword	TYPE:Enhancement.Weapon.Melee.Martial.Specific.Slashing.Sword	COST:50	WT:8	WIELD:TwoHanded		SIZE:M	DAMAGE:2d6	CRITRANGE:2	CRITMULT:x2	EQMOD:STEEL.MWORKW.UNHLY_M							SOURCEPAGE:BoVD	MODS:NO	SPROP:Destroys celestial damaged (Fort DC 20)	
Blackguard's Blade		PROFICIENCY:WEAPON|Longsword	TYPE:Enhancement.Weapon.Melee.Martial.Specific.Slashing.Sword	COST:15	WT:4	WIELD:OneHanded		SIZE:M	DAMAGE:1d8	CRITRANGE:2	CRITMULT:x2	EQMOD:STEEL.MWORKW.PLUS2W							SOURCEPAGE:BoVD	MODS:NO	BONUS:VAR|SmiteGoodDamage|10	
Chain of Barriers		PROFICIENCY:WEAPON|Chain (Spiked)	TYPE:Enhancement.Weapon.Melee.Exotic.Reach.Finesseable.Specific.Piercing.Chain	COST:25	WT:10	WIELD:TwoHanded	SLOTS:2	SIZE:M	DAMAGE:2d4	CRITRANGE:1	CRITMULT:x2	EQMOD:STEEL.MWORKW.PLUS1W	REACHMULT:2						SOURCEPAGE:BoVD	MODS:NO		
Charnel Reaver		PROFICIENCY:WEAPON|Waraxe (Dwarven)	TYPE:Enhancement.Weapon.Melee.Martial.Exotic.Specific.Dwarven.Slashing.Axe	COST:30	WT:8	WIELD:TwoHanded		SIZE:M	DAMAGE:1d10	CRITRANGE:1	CRITMULT:x3	EQMOD:STEEL.MWORKW.PLUS3W							SOURCEPAGE:BoVD	MODS:NO	BONUS:WEAPON|WIELDCATEGORY|-1|PREFEAT:1,Exotic Weapon Proficiency(Waraxe (Dwarven))	
Harrowheart		PROFICIENCY:WEAPON|Rapier	TYPE:Enhancement.Weapon.Melee.Martial.Finesseable.Specific.Piercing.Sword	COST:20	WT:2	WIELD:OneHanded		SIZE:M	DAMAGE:1d6	CRITRANGE:3	CRITMULT:x2	EQMOD:STEEL.MWORKW.PLUS2W							SOURCEPAGE:BoVD	MODS:NO	SPROP:increased critical multiplier against creature with good alignment.	
Sacrifical Knife		PROFICIENCY:WEAPON|Dagger	TYPE:Enhancement.Weapon.Melee.Finesseable.Ranged.Thrown.Simple.Specific.Piercing.Slashing.Dagger	COST:2	WT:1	WIELD:Light		SIZE:M	DAMAGE:1d4	CRITRANGE:2	CRITMULT:x2	EQMOD:STEEL.MWORKW.PLUS1W		RANGE:10					SOURCEPAGE:BoVD	MODS:NO	SPROP:+3 competence bonus on Knowledge (Religion) when making sacrifices.	
Warpsword		PROFICIENCY:WEAPON|Greatsword	TYPE:Enhancement.Weapon.Melee.Martial.Specific.Slashing.Sword	COST:50	WT:8	WIELD:TwoHanded		SIZE:M	DAMAGE:2d6	CRITRANGE:2	CRITMULT:x2	EQMOD:STEEL.MWORKW.PLUS2W							SOURCEPAGE:BoVD	MODS:NO	SPROP:Disease Warp touch (Fort DC 14)	
