SOURCELONG:Gozzilioni	SOURCESHORT:G	SOURCEWEB:http://www.gozzilioni.net									
# Class Name	Hit Dice (HD)	Type (TYPE:)	Abbreviation (ABB)	Max Level (MAXLEVEL)	Source Page (SOURCEPAGE)	Save checks bonus (Fortitude) (BONUS:CHECKS)	Save checks bonus (Reflex)	Save checks bonus (Willpower)	Combat bonus	EXCLASS	FINE
# Class Name	Requirements	FINE									
# Class Name	Skill Pts/Lvl (STARTSKILLPTS)	Class Skill (CSKILL)						define class variables (DEFINE:variable|value	FINE		
# Class Name	Spell Statistic (SPELLSTAT)	Spell type (SPELLTYPE)	Spellbook (SPELLBOOK/MEMORIZE)	knowspell (KNOWNSPELLS)	spell level increases (BONUS:CASTERLEVEL)						
#(level number)	ADD:SPELLCASTER o CAST	AUTO:WEAPONPROF	(FEATAUTO)	ABILITY:Special Ability|AUTOMATIC|	ABILITY:Special Ability|AUTOMATIC|	(DOMAIN)	(BONUS)			(DEFINE)	
CLASS:Vampire	HD:0	TYPE:PC.Template	ABB:Vmp	MAXLEVEL:8	SOURCEPAGE:SP						
#CLASS:Vampire											
#CLASS:Vampire											
1			AUTO:FEAT|Alertness|Dodge	ABILITY:Special Ability|AUTOMATIC|Blood Drain (Lesser) ~ Vampire|Resistances ~ Vampire|Spawn Slavery ~ Vampire|Spider Climb ~ VAMPIRE TEMPLATE			BONUS:STAT|CON|-2	BONUS:VAR|VampireResistances|5			
2			AUTO:FEAT|Improved Initiative|Lightning Reflexes	ABILITY:Special Ability|AUTOMATIC|Blood Drain (Moderate) ~ Vampire|Fortification|Skills ~ Vampire			BONUS:STAT|STR|2	BONUS:VAR|FortificationPower|1	BONUS:VAR|VampireSkills|(CL/2)*2		
3				ABILITY:Special Ability|AUTOMATIC|Coffin Sanctuary (Lesser) ~ Vampire|Dominate (Lesser) ~ Vampire|Gaseous Form (Lesser) ~ Vampire	TEMPLATE:CHOOSE:Slam (Fine)|Slam (Diminutive)|Slam (Tiny)|Slam (Small)|Slam (Medium)|Slam (Large)|Slam (Huge)|Slam (Gargantuan)|Slam (Colossal)	BONUS:STAT|CHA|2	BONUS:VAR|VampireResistances|5	BONUS:VAR|DominatePerDay|1	BONUS:VAR|GaseousFormPerDay|1	
4				ABILITY:Special Ability|AUTOMATIC|Blood Drain ~ VAMPIRE TEMPLATE|Alternate Form|Vampire Aversions ~ Vampire			BONUS:STAT|STR|2	BONUS:VAR|DominatePerDay|2	BONUS:COMBAT|AC|2|TYPE=NaturalArmor.STACK		
5				ABILITY:Special Ability|AUTOMATIC|Coffin Sanctuary ~ Vampire|Childrren of the Night (Lesser) ~ Vampire|Damage Reduction ~ Vampire|Vulnerability (Lesser) ~ Vampire			BONUS:STAT|WIS|2	BONUS:VAR|GaseousFormPerDay|2	BONUS:VAR|VampireDamageReduction|5
6				ABILITY:Special Ability|AUTOMATIC|Fast Healing (Lesser) ~ Vampire			BONUS:STAT|STR|2	BONUS:STAT|INT|2	BONUS:COMBAT|AC|2|TYPE=NaturalArmor.STACK	BONUS:VAR|FastHealing|1|TYPE=Racial	
7			PREALIGN:LE,NE,CE	ABILITY:Special Ability|AUTOMATIC|Dominate ~ VAMPIRE TEMPLATE|Gaseous Form ~ VAMPIRE TEMPLATE|Children of the Night ~ VAMPIRE TEMPLATE|Vampire Weaknesses ~ VAMPIRE TEMPLATE|Energy Drain (Lesser) ~ Vampire|Undeath ~ Vampire|Create Spawn (Lesser) ~ Vampire			BONUS:STAT|DEX|2				
8			PREALIGN:LE,NE,CE	ABILITY:Special Ability|AUTOMATIC|Energy Drain ~ VAMPIRE TEMPLATE|Create Spawn ~ VAMPIRE TEMPLATE|Turn Resistance ~ VAMPIRE TEMPLATE|Turn Resistance			BONUS:STAT|CHA|2	BONUS:COMBAT|AC|2|TYPE=NaturalArmor.STACK	BONUS:VAR|VampireDamageReduction|5	BONUS:VAR|FastHealing|5|TYPE=Racial	BONUS:VAR|TurnResistBonus|4
