SOURCELONG:Magic of Faerun	SOURCESHORT:MoF	SOURCEWEB:http://www.gozzilioni.net																																				
																																						
#MINOR ARTIFACTS																																						
# Equipment Name	Output Name		Type	Cost																																		
Arbane's Sword of Agility		PROFICIENCY:WEAPON|Longsword	TYPE:Enhancement.Weapon.Melee.Martial.Artifact.Slashing.Sword	COST:0	WT:4	WIELD:OneHanded		SIZE:M	DAMAGE:1d8	CRITRANGE:2	CRITMULT:x2	EQMOD:STEEL.PLUS2W.SPEED						SOURCEPAGE:MoF	MODS:NO	SPROP:constant Freedom of Movement	SPELLS:Arbane's Sword of Agility|TIMES=1|CASTERLEVEL=10|Jump|Daylight	ABILITY:Special Ability|VIRTUAL|Immunity To Pattern																
Azureedge		PROFICIENCY:WEAPON|Battleaxe	TYPE:Enhancement.Weapon.Melee.Martial.Artifact.Slashing.Axe	COST:0	WT:6	WIELD:OneHanded		SIZE:M	DAMAGE:1d8	CRITRANGE:1	CRITMULT:x3	EQMOD:STEEL.PLUS5W.THROW.WOUND.INT_ITEM_CHA_10.INT_ITEM_INT_14.INT_ITEM_WIS_12.INT_ITEM_ALIGN_NG.INT_ITEM_LANG_1|Common						SOURCEPAGE:MoF	MODS:NO	SPROP:emit light as a candle, when in 60'ft outsiders or evil creature glows as a torch. Function as a Disruption weapon when defending Waterdeep. Constant Nystul's Magic Aura (undetectable).																		
Blast Sceptre			TYPE:Artifact.Rod	COST:0	WT:6		BASEITEM:Rod					EQMOD:CHARGED_ITEM_50|CHARGES[50].SELF_ID						SOURCEPAGE:MoF		SPROP:cannot be knocked down. 	ABILITY:Special Ability|VIRTUAL|Immunity To Fire|Immunity To Electricity																	
Glowstone			TYPE:Artifact.Gem	COST:0	WT:0.5							EQMOD:CHARGED_ITEM_1000|CHARGES[1000]						SOURCEPAGE:MoF		SPROP:glows as Daylight spell. Recharge items.																		
Great Druid's Staff		PROFICIENCY:WEAPON|Quarterstaff	TYPE:Artifact.Staff.Weapon.Simple.Melee.Bludgeoning.Double.Quarterstaff	COST:0	WT:5	WIELD:TwoHanded	BASEITEM:Staff	SIZE:M				EQMOD:CHARGED_ITEM_50|CHARGES[50].WOOD.PLUS2W						SOURCEPAGE:MoF			ALTTYPE:Weapon.Melee.Bludgeoning	CRITMULT:x2	CRITRANGE:1	DAMAGE:1d6	ALTCRITMULT:x2	ALTCRITRANGE:1	ALTDAMAGE:1d6	ALTEQMOD:WOOD.PLUS1W.GHOST_M 	SR:23									
Greenstone Amulet			TYPE:Artifact.Amulet	COST:0	WT:0													SOURCEPAGE:MoF		SPROP:constant Mind Blank	ABILITY:Special Ability|VIRTUAL|Resistance To Necromancy	DEFINE:NecromancyResistanceBonus|4																
Rod (Valmaxian)	OUTPUTNAME:Rod of [NAME]		TYPE:Artifact.Rod	COST:0	WT:5		BASEITEM:Rod					EQMOD:CHARGED_ITEM_50|CHARGES[50]						SOURCEPAGE:MoF			BONUS:SPELLCAST|TYPE=Arcane;LEVEL=1|1	BONUS:SPELLCAST|TYPE=Arcane;LEVEL=2|1	BONUS:SPELLCAST|TYPE=Arcane;LEVEL=3|1	BONUS:SPELLCAST|TYPE=Arcane;LEVEL=4|1	BONUS:SPELLCAST|TYPE=Arcane;LEVEL=5|1	BONUS:SPELLCAST|TYPE=Arcane;LEVEL=6|1	BONUS:SPELLCAST|TYPE=Arcane;LEVEL=7|1	BONUS:SPELLCAST|TYPE=Arcane;LEVEL=8|1	BONUS:SPELLCAST|TYPE=Arcane;LEVEL=9|1	BONUS:SPELLCAST|TYPE=Divine;LEVEL=1|1	BONUS:SPELLCAST|TYPE=Divine;LEVEL=2|1	BONUS:SPELLCAST|TYPE=Divine;LEVEL=3|1	BONUS:SPELLCAST|TYPE=Divine;LEVEL=4|1	BONUS:SPELLCAST|TYPE=Divine;LEVEL=5|1	BONUS:SPELLCAST|TYPE=Divine;LEVEL=6|1	BONUS:SPELLCAST|TYPE=Divine;LEVEL=7|1	BONUS:SPELLCAST|TYPE=Divine;LEVEL=8|1	BONUS:SPELLCAST|TYPE=Divine;LEVEL=9|1
Shimmaryn			TYPE:Artifact.Gem	COST:0	WT:0.5													SOURCEPAGE:MoF		SPROP:glows as Daylight spell. Recharge items.																		
																																						
#MAJOR ARTIFACTS																																						
# Equipment Name	Output Name		Type	Cost																																		
Crown of Horns			TYPE:Artifact.Headgear	COST:0	WT:2													SOURCEPAGE:MoF																				
Naga Crown			TYPE:Artifact.Headgear	COST:0	WT:2							EQMOD:SELF_ID						SOURCEPAGE:MoF			ABILITY:Special Ability|VIRTUAL|See Invisibility (Sp/atwill)	DEFINE:SeeInvisibilityLVL|15																
