SOURCELONG:Complete Divine	SOURCESHORT:CD	SOURCEWEB:http://www.gozzilioni.net																
																		
FOLLOWER:CcLevel=1	TYPE:Celestial Companion	HD:2	COPYMASTERCHECK:MASTER				ABILITY:Special Ability|AUTOMATIC|Empathic Link|Share Spells|Improved Evasion|Improved Speed|Share saving throws	DEFINE:LOCK.INT|6	BONUS:STAT|DEX|1		DEFINE:EvasionUsable|0	BONUS:COMBAT|AC|1|TYPE=NaturalArmor.REPLACE	BONUS:VAR|EvasionUsable,ImprovedEvasionUsable|1|TYPE=Prerequisite	BONUS:MOVEADD|TYPE.Walk|10|PREMOVE:1,Walk=1	BONUS:MOVEADD|TYPE.Swim|10|PREMOVE:1,Swim=1	BONUS:MOVEADD|TYPE.Climb|10|PREMOVE:1,Climb=1	BONUS:MOVEADD|TYPE.Burrow|10|PREMOVE:1,Burrow=1	BONUS:MOVEADD|TYPE.Fly|10|PREMOVE:1,Fly=1	VFEAT:CCCelestial
FOLLOWER:CcLevel=13	TYPE:Celestial Companion	HD:2					ABILITY:Special Ability|AUTOMATIC|Speak with Holy Liberator	DEFINE:LOCK.INT|7	BONUS:STAT|DEX|1			BONUS:COMBAT|AC|2|TYPE=NaturalArmor.REPLACE						
FOLLOWER:CcLevel=16	TYPE:Celestial Companion	HD:2					ABILITY:Special Ability|AUTOMATIC|Blood Bond	DEFINE:LOCK.INT|8	BONUS:STAT|DEX|1			BONUS:COMBAT|AC|5|TYPE=NaturalArmor.REPLACE	BONUS:MOVEADD|TYPE.Walk|10|PREMOVE:1,Walk=1	BONUS:MOVEADD|TYPE.Swim|10|PREMOVE:1,Swim=1	BONUS:MOVEADD|TYPE.Climb|10|PREMOVE:1,Climb=1	BONUS:MOVEADD|TYPE.Burrow|10|PREMOVE:1,Burrow=1	BONUS:MOVEADD|TYPE.Fly|10|PREMOVE:1,Fly=1	
FOLLOWER:CcLevel=19	TYPE:Celestial Companion	HD:2					SR:4+CcLevel											
#							sr 10+characther level 											
FOLLOWER:CcLevel=25	TYPE:Celestial Companion	HD:2						DEFINE:LOCK.INT|9	BONUS:STAT|DEX|1			BONUS:COMBAT|AC|6|TYPE=NaturalArmor.REPLACE						
FOLLOWER:CcLevel=30	TYPE:Celestial Companion	HD:2						DEFINE:LOCK.INT|10	BONUS:STAT|DEX|1			BONUS:COMBAT|AC|7|TYPE=NaturalArmor.REPLACE						
FOLLOWER:CcLevel=35	TYPE:Celestial Companion	HD:2						DEFINE:LOCK.INT|11	BONUS:STAT|DEX|1			BONUS:COMBAT|AC|8|TYPE=NaturalArmor.REPLACE						
FOLLOWER:CcLevel=40	TYPE:Celestial Companion	HD:2						DEFINE:LOCK.INT|12	BONUS:STAT|DEX|1			BONUS:COMBAT|AC|9|TYPE=NaturalArmor.REPLACE						
FOLLOWER:CcLevel=45	TYPE:Celestial Companion	HD:2						DEFINE:LOCK.INT|13	BONUS:STAT|DEX|1			BONUS:COMBAT|AC|10|TYPE=NaturalArmor.REPLACE						
FOLLOWER:CcLevel=50	TYPE:Celestial Companion	HD:2						DEFINE:LOCK.INT|14	BONUS:STAT|DEX|1			BONUS:COMBAT|AC|11|TYPE=NaturalArmor.REPLACE						
