SOURCELONG:Frostburn	SOURCESHORT:Fro	SOURCEWEB:http://www.gozzilioni.net																																																																																																			
																																																																																																					
###Block:Armor abilities																																																																																																					
# Modifier Name	Unique Key	Type	Plus	Cost	Visible	Type granted	Keys to replace	Source Page	Requirements					Spell Res.	Damage Reduction	BONUS:EQM	BONUS:EQMWEAPON	Bonus to skill			Modify VAR			Special Property			Virtual Feat	Choose	Apply to both heads																																																																								
|Skull Talisman (Single Use/Completion)	KEY:SK_1USEMI	NAMEOPT:SPELL	TYPE:SkullTalisman.Minor	COST:(100*(max((%SPELLLEVEL),(1/2)))*%CASTERLEVEL)+%SPELLCOST+(5*%SPELLXPCOST)	VISIBLE:QUALIFY	ITYPE:Enhancement.Magic.Consumable	SOURCEPAGE:Fro	PRETYPE:1,SkullTalisman	PRESIZEEQ:S					CHOOSE:EQBUILDER.SPELL|ANY|0|3																																																																																							
|Skull Talisman (Single Use/Completion)	KEY:SK_1USEME	NAMEOPT:SPELL	TYPE:SkullTalisman.Medium	COST:(100*(max((%SPELLLEVEL),(1/2)))*%CASTERLEVEL)+%SPELLCOST+(5*%SPELLXPCOST)	VISIBLE:QUALIFY	ITYPE:Enhancement.Magic.Consumable	SOURCEPAGE:Fro	PRETYPE:1,SkullTalisman	PRESIZEEQ:M					CHOOSE:EQBUILDER.SPELL|ANY|4|6																																																																																							
|Skull Talisman (Single Use/Completion)	KEY:SK_1USEMA	NAMEOPT:SPELL	TYPE:SkullTalisman.Major	COST:(100*(max((%SPELLLEVEL),(1/2)))*%CASTERLEVEL)+%SPELLCOST+(5*%SPELLXPCOST)	VISIBLE:QUALIFY	ITYPE:Enhancement.Magic.Consumable	SOURCEPAGE:Fro	PRETYPE:1,SkullTalisman	PRESIZEEQ:L					CHOOSE:EQBUILDER.SPELL|ANY|7|9																																																																																							
																																																																																																					
Blue Ice	KEY:BLUEICE_ARMR_LT	TYPE:BaseMaterial.MasterworkQuality.Armor	COST:750	VISIBLE:QUALIFY	SOURCEPAGE:Fro	SPROP:20hp/inch and 10 hardness. Can cast spell with cold descriptor withour spell failure.	PRETYPE:2,Metal,Light		REPLACES:MWORKA	ITYPE:Metal.Blueice.Masterwork		BONUS:EQMARMOR|ACCHECK|2|TYPE=Enhancement	ASSIGNTOALL:NO		BONUS:EQMARMOR|MAXDEX|1	BONUS:CHECKS|Reflex|-1|!PREMULT:1,[PREABILITY:1,CATEGORY=Special Ability,Immunity To Cold,Resistance To Cold],[PREFEAT:1,Cold Endurance]	BONUS:COMBAT|INITIATIVE|-1|!PREMULT:1,[PREABILITY:1,CATEGORY=Special Ability,Immunity To Cold,Resistance To Cold],[PREFEAT:1,Cold Endurance]	BONUS:EQM|WEIGHTDIV|2|TYPE=Enhancement.REPLACE																																																																																			
Blue Ice	KEY:BLUEICE_ARMR_MED	TYPE:BaseMaterial.MasterworkQuality.Armor	COST:3000	VISIBLE:QUALIFY	SOURCEPAGE:Fro	SPROP:20hp/inch and 10 hardness. Can cast spell with cold descriptor withour spell failure.	PRETYPE:2,Metal,Medium		REPLACES:MWORKA	ITYPE:Metal.Blueice.Masterwork		BONUS:EQMARMOR|ACCHECK|2|TYPE=Enhancement	ASSIGNTOALL:NO	ARMORTYPE:Medium|Light	BONUS:EQMARMOR|MAXDEX|1	BONUS:CHECKS|Reflex|-1|!PREMULT:1,[PREABILITY:1,CATEGORY=Special Ability,Immunity To Cold,Resistance To Cold],[PREFEAT:1,Cold Endurance]	BONUS:COMBAT|INITIATIVE|-1|!PREMULT:1,[PREABILITY:1,CATEGORY=Special Ability,Immunity To Cold,Resistance To Cold],[PREFEAT:1,Cold Endurance]	BONUS:EQM|WEIGHTDIV|2|TYPE=Enhancement.REPLACE																																																																																			
Blue Ice	KEY:BLUEICE_ARMR_HVY	TYPE:BaseMaterial.MasterworkQuality.Armor	COST:7000	VISIBLE:QUALIFY	SOURCEPAGE:Fro	SPROP:20hp/inch and 10 hardness. Can cast spell with cold descriptor withour spell failure.	PRETYPE:2,Metal,Heavy		REPLACES:MWORKA	ITYPE:Metal.Blueice.Masterwork		BONUS:EQMARMOR|ACCHECK|2|TYPE=Enhancement	ASSIGNTOALL:NO	ARMORTYPE:Heavy|Medium	BONUS:EQMARMOR|MAXDEX|1	BONUS:CHECKS|Reflex|-1|!PREMULT:1,[PREABILITY:1,CATEGORY=Special Ability,Immunity To Cold,Resistance To Cold],[PREFEAT:1,Cold Endurance]	BONUS:COMBAT|INITIATIVE|-1|!PREMULT:1,[PREABILITY:1,CATEGORY=Special Ability,Immunity To Cold,Resistance To Cold],[PREFEAT:1,Cold Endurance]	BONUS:EQM|WEIGHTDIV|2|TYPE=Enhancement.REPLACE																																																																																			
Blue Ice	KEY:BLUEICE_SHLD	TYPE:BaseMaterial.MasterworkQuality.Shield	COST:750	VISIBLE:QUALIFY	SOURCEPAGE:Fro	SPROP:20hp/inch and 10 hardness.	PRETYPE:1,Metal		REPLACES:MWORKA	ITYPE:Metal.Blueice.Masterwork			ASSIGNTOALL:NO					BONUS:EQM|WEIGHTDIV|2|TYPE=Enhancement.REPLACE																																																																																			
Blue Ice	KEY:BLUEICE_WEAP	TYPE:BaseMaterial.MasterworkQuality.Weapon	COST:500	VISIBLE:QUALIFY	SOURCEPAGE:Fro	SPROP:20hp/inch and 10 hardness.	PRETYPE:2,Metal,Slashing		REPLACES:MWORKW	ITYPE:Metal.Blueice.Masterwork		BONUS:WEAPON|DAMAGE|1|TYPE=Enhancement	ASSIGNTOALL:NO					BONUS:EQM|WEIGHTDIV|2|TYPE=Enhancement.REPLACE																																																																																			
Blue Ice	KEY:BLUEICE_ITEM	TYPE:BaseMaterial.MasterworkQuality.Ammunition.Weapon.Instruments.Tools.Goods	COST:WT*400	VISIBLE:QUALIFY	SOURCEPAGE:Fro	SPROP:20hp/inch and 10 hardness.	PRETYPE:1,Metal		REPLACES:MWORKW,MWORKI,MWORKT	ITYPE:Metal.Blueice.Masterwork		BONUS:WEAPON|DAMAGE|1|TYPE=Enhancement|PRETYPE:1,Weapon	ASSIGNTOALL:NO					BONUS:EQM|WEIGHTDIV|2|TYPE=Enhancement.REPLACE																																																																																			
Rimefire Ice	KEY:RIMEFIREICE_WEAP	TYPE:BaseMaterial.MasterworkQuality.Weapon	COST:750	VISIBLE:QUALIFY	SOURCEPAGE:Fro	SPROP:5hp/inch and 3 hardness. Emit light equivalent to that of a torch. +1 Cold damage when hit.	PRETYPE:1,Wood		REPLACES:MWORKW,LGHT_EMIT	ITYPE:Metal.Rimefireice.Masterwork			ASSIGNTOALL:NO		QUALITY:Bright Illumination|20 ft.	QUALITY:Shadowy Illumination|40 ft.	QUALITY:Duration|Permanent																																																																																				
Rimefire Ice	KEY:RIMEFIREICE_ITEM	TYPE:BaseMaterial.MasterworkQuality.Ammunition.Weapon.Instruments.Tools.Goods	COST:WT*500	VISIBLE:QUALIFY	SOURCEPAGE:Fro	SPROP:5hp/inch and 3 hardness. Emit light equivalent to that of a torch. +1 Cold damage when hit.	PRETYPE:1,Wood		REPLACES:MWORKW,MWORKI,MWORKT,LGHT_EMIT	ITYPE:Metal.Rimefireice.Masterwork			ASSIGNTOALL:NO		QUALITY:Bright Illumination|20 ft.	QUALITY:Shadowy Illumination|40 ft.	QUALITY:Duration|Permanent																																																																																				
Stygian Ice	KEY:STYGIANICE_WEAP	TYPE:BaseMaterial.MasterworkQuality.Weapon	COST:6000	VISIBLE:QUALIFY	SOURCEPAGE:Fro	SPROP:5hp/inch and 3 hardness.	PRETYPE:1,Metal		REPLACES:MWORKW	ITYPE:Metal.Stygianice.Masterwork			ASSIGNTOALL:NO																																																																																								
Stygian Ice	KEY:STYGIANICE_ITEM	TYPE:BaseMaterial.MasterworkQuality.Ammunition.Weapon.Instruments.Tools.Goods	COST:WT*2000	VISIBLE:QUALIFY	SOURCEPAGE:Fro	SPROP:5hp/inch and 3 hardness.	PRETYPE:1,Metal		REPLACES:MWORKW,MWORKI,MWORKT	ITYPE:Metal.Stygianice.Masterwork			ASSIGNTOALL:NO																																																																																								
																																																																																																					
Coldfire Keel	KEY:CFKEEL_TRANSP	TYPE:Transportation	COST:200000	VISIBLE:QUALIFY	SOURCEPAGE:Fro		PRETYPE:1,Transportation		REPLACES:ICEKEEL_TRANSP	ITYPE:Masterwork	BONUS:EQM|WEIGHTADD|1000		ASSIGNTOALL:NO																																																																																								
Coldfire Engine	KEY:CFENGINE_TRANSP	TYPE:Transportation	COST:200000	VISIBLE:QUALIFY	SOURCEPAGE:Fro		PRETYPE:1,Transportation			ITYPE:Masterwork	BONUS:EQM|WEIGHTADD|1000		ASSIGNTOALL:NO																																																																																								
Ice Keel	KEY:ICEKEEL_TRANSP	TYPE:Transportation	COST:150000	VISIBLE:QUALIFY	SOURCEPAGE:Fro		PRETYPE:1,Transportation		REPLACES:CFKEEL_TRANSP	ITYPE:Masterwork	BONUS:EQM|WEIGHTADD|1000		ASSIGNTOALL:NO																																																																																								
Runners	KEY:RUNS_TRANSP	TYPE:Transportation	COST:100000	VISIBLE:QUALIFY	SOURCEPAGE:Fro		PRETYPE:1,Transportation			ITYPE:Masterwork	BONUS:EQM|WEIGHTADD|1000		ASSIGNTOALL:NO																																																																																								

