SOURCELONG:Frostburn	SOURCESHORT:Fro	SOURCEWEB:http://www.gozzilioni.net
							
#Travel	SOURCEPAGE:SpellListI.rtf	SPELLLEVEL:DOMAIN|Travel=1|Longstrider|Travel=2|Locate Object|Travel=3|Fly|Travel=4|Dimension Door|Travel=5|Teleport|Travel=6|Find the Path|Travel=7|Teleport (Greater)|Travel=8|Phase Door|Travel=9|Astral Projection	DESC:For a total time per day of 1 round per cleric level you possess, you can act normally regardless of magical effects that impede movement as if you were affected by the spell freedom of movement. This effect occurs automatically as soon as it applies, lasts until it runs out or is no longer needed, and can operate multiple times per day (up to the total daily limit of rounds).This granted power is a supernatural ability.	CSKILL:Survival			
Winter	SOURCEPAGE:Fro	SPELLLEVEL:DOMAIN|Winter=1|Snowsight|Winter=2|Snow Walk|Winter=3|Winter's Embrace|Winter=4|Ice Storm|Winter=5|Blizzard|Winter=6|Death Hail|Winter=7|Control Weather|Winter=8|Summon Giants|Winter=9|Fimbulwinter	DESC:During the winter season you gain +2 sacred bonus on all Wisdom-based skill checks.	
