SOURCELONG:Monster Manual	SOURCESHORT:MM	SOURCEWEB:http://www.gozzilioni.net																																
#																																		
# Ability Name	Category of Ability	Type	visible	Special ABility			Restricted Ability	Define				BONUS				STACK	MULT	CHOOSE	SELECT														SOURCEPAGE:	
CATEGORY=Special Ability|Animal Trick ~ Attack.MOD	DESC:Attack ~ DC 20 ~ The animal attacks apparent enemies. You may point to a particular creature that you wish the animal to attack, and it will comply if able. Normally, an animal will attack only humanoids, monstrous humanoids, giants, or other animals.																																	
CATEGORY=Special Ability|Animal Trick ~ Attack II.MOD	DESC:Attack ~ DC 20 ~ The animal attacks apparent enemies. You may point to a particular creature (including such unnatural creatures as undead and aberrations) that you wish the animal to attack, and it will comply if able.																																	
CATEGORY=Special Ability|Animal Trick ~ Come.MOD	DESC:Come  ~ DC 15 ~ The animal comes to you, even if it normally would not do so.																																	
CATEGORY=Special Ability|Animal Trick ~ Defend.MOD	DESC:Defend ~ DC 20 ~ The animal defends you (or is ready to defend you if no threat is present), even without any command being given. Alternatively, you can command the animal to defend a specific other character.																																	
CATEGORY=Special Ability|Animal Trick ~ Down.MOD	DESC:Down ~ DC 20 ~ The animal breaks off from combat or otherwise backs down.																																	
CATEGORY=Special Ability|Animal Trick ~ Fetch.MOD	DESC:Fetch ~ DC 15 ~ The animal goes and gets something. If you do not point out a specific item, the animal fetches some random object.																																	
CATEGORY=Special Ability|Animal Trick ~ Guard.MOD	DESC:Guard ~ DC 20 ~ The animal stays in place and prevents others from approaching.																																	
CATEGORY=Special Ability|Animal Trick ~ Heel.MOD	DESC:Heel ~ DC 15 ~ The animal follows you closely, even to places where it normally would not go.																																	
CATEGORY=Special Ability|Animal Trick ~ Perform.MOD	DESC:Perform ~ DC 15 ~ The animal performs a variety of simple tricks, such as sitting up, rolling over, roaring or barking, and so on.																																	
CATEGORY=Special Ability|Animal Trick ~ Seek.MOD	DESC:Seek ~ DC 15 ~ The animal moves into an area and looks around for anything that is obviously alive or animate.																																	
CATEGORY=Special Ability|Animal Trick ~ Stay.MOD	DESC:Stay ~ DC 20 ~ The animal stays in place, waiting for you to return. It does not challenge other creatures that come by, though it still defends itself if it needs to.																																	
CATEGORY=Special Ability|Animal Trick ~ Track.MOD	DESC:Track ~ DC 20 ~ The animal tracks the scent presented to it.	PREABILITY:1,CATEGORY=Special Ability,Scent																																
CATEGORY=Special Ability|Animal Trick ~ Work.MOD	DESC:Work ~ DC 15 ~ The animal pulls or pushes a medium or heavy load.																																	
#																																		
CATEGORY=Special Ability|Corrupting Touch.MOD	TYPE:GhostClassLesserAbility																																	
CATEGORY=Special Ability|Frightful Moan.MOD	TYPE:GhostClassLesserAbility																																	
CATEGORY=Special Ability|Telekinesis.MOD	TYPE:GhostClassLesserAbility																																	
CATEGORY=Special Ability|Corrupting Gaze.MOD	TYPE:GhostClassMajorAbility																																	
CATEGORY=Special Ability|Draining Touch.MOD	TYPE:GhostClassMajorAbility																																	
CATEGORY=Special Ability|Horrific Appearance.MOD	TYPE:GhostClassMajorAbility																																	
CATEGORY=Special Ability|Malevolence.MOD	TYPE:GhostClassMajorAbility																																	
2 lesser abilities	CATEGORY:Special Ability	TYPE:GhostClassMajorAbility	VISIBLE:YES	DESC:choose 2 lesser abilities.	KEY:Lesser Abilities ~ Ghost								BONUS:ABILITYPOOL|Ghost Class Ability Lesser|2																					SOURCEPAGE:SP
																																		
## Mod																																		
#Archon																																		
CATEGORY=Special Ability|Archon Traits.MOD	ABILITY:Special Ability|AUTOMATIC|Resistance To Poison	BONUS:VAR|PoisonResistanceBonus|4|TYPE=Racial																																
																																		
## RaceType																																		
#Deathless																																		
CATEGORY=Internal|Master Traits.MOD	ABILITY:Special Ability|AUTOMATIC|Deathless Traits|PRERACE:1,RACETYPE=Deathless																																	
CATEGORY=Internal|Master Traits.MOD	ABILITY:Special Ability|AUTOMATIC|Traits Output ~ Deathless|PREMULT:2,[PREVAREQ:NoTypeTraits,0],[PRERACE:1,RACETYPE=Deathless]																																	
Deathless Traits	CATEGORY:Special Ability	TYPE:TraitAbility	DEFINESTAT:NONSTAT|CON	BONUS:SKILL|Concentration|CHA-CON																													SOURCEPAGE:EXD	
Deathless Traits	CATEGORY:Special Ability	TYPE:SpecialQuality	KEY:Traits Output ~ Deathless	DESC:Deathless do not eat/sleep/breathe. Immune to damage to STR/DEX/CON as well as to fatigue and exhaustion effects. Immune to any effect that requires a Fortitude save (unless it works on objects or is harmless). Not at risk from death from massive damage (but destroyed when reduced to 0 hp).																													SOURCEPAGE:EXD	
#Abomination																																		
CATEGORY=Internal|Master Traits.MOD	ABILITY:Special Ability|AUTOMATIC|Abomination Traits|PRERACE:1,RACETYPE=Abomination																																	
CATEGORY=Internal|Master Traits.MOD	ABILITY:Special Ability|AUTOMATIC|Traits Output ~ Abomination|PREMULT:2,[PREVAREQ:NoTypeTraits,0],[PRERACE:1,RACETYPE=Abomination]																																	
Abomination Traits	CATEGORY:Special Ability	TYPE:TraitAbility										BONUS:ABILITYPOOL|Abomination Strenght|2|TYPE=Base	BONUS:ABILITYPOOL|Abomination Weakness|2|TYPE=Base							ABILITY:Special Ability|AUTOMATIC|Immunity To Mind-Affecting|Immunity To Fear|Immunity To Enchantment													SOURCEPAGE:DD	
Abomination Traits	CATEGORY:Special Ability	TYPE:SpecialQuality	KEY:Traits Output ~ Abomination	DESC:Abomination do not eat/sleep/breathe. Immune to critical hits, they cannot be flanked,  and they never suffer sneak attack damage. Immune to disease, poison, stunning and sleep effects,  and death effects.																													SOURCEPAGE:DD	
																																		
## RaceSubType																																		
#Abeil																																		
CATEGORY=Internal|Master Traits.MOD	ABILITY:Special Ability|AUTOMATIC|Abeil Traits|PRERACE:1,RACESUBTYPE=Abeil																																	
CATEGORY=Internal|Master Traits.MOD	ABILITY:Special Ability|AUTOMATIC|Traits Output ~ Abeil|PREMULT:2,[PREVAREQ:NoTypeTraits,0],[PRERACE:1,RACESUBTYPE=Abeil]																																	
Abeil Traits	CATEGORY:Special Ability	TYPE:SpecialQuality.RacialTrait	VISIBLE:YES	DESC:.	KEY:Traits Output ~ Abeil																												SOURCEPAGE:MM2	
Abeil Traits	CATEGORY:Special Ability	TYPE:SubTraitAbility																		ABILITY:Special Ability|AUTOMATIC|Drone|Improved Grab|Hive Mind		AUTO:LANG|Common|Elven|Sylvan											SOURCEPAGE:MM2	
#Abishai																																		
CATEGORY=Internal|Master Traits.MOD	ABILITY:Special Ability|AUTOMATIC|Abishai Traits|PRERACE:1,RACESUBTYPE=Abishai																																	
CATEGORY=Internal|Master Traits.MOD	ABILITY:Special Ability|AUTOMATIC|Traits Output ~ Abishai|PREMULT:2,[PREVAREQ:NoTypeTraits,0],[PRERACE:1,RACESUBTYPE=Abishai]																																	
Abishai Traits	CATEGORY:Special Ability	TYPE:SpecialQuality.RacialTrait	VISIBLE:YES	DESC:.	KEY:Traits Output ~ Abishai																												SOURCEPAGE:Mon	
Abishai Traits	CATEGORY:Special Ability	TYPE:SubTraitAbility						DEFINE:AcidResistanceBonus|10	DEFINE:ColdResistanceBonus|10			BONUS:VAR|RegenerationRate|HD	BONUS:VAR|TelepathyRange|100							ABILITY:Special Ability|AUTOMATIC|Immunity To Fire|Immunity To Poison|Regeneration|Resistance To Acid|Resistance To Cold|See In Darkness|Summon Baatezu ~ Abishai|Telepathy|Vulnerability To Holy Water	SPELLS:Innate|TIMES=ATWILL|CASTERLEVEL=HD|Animate Dead|Charm Person|Command|Desecrate|Detect Alignment|Disguise Self|Major Image|Scare|Suggestion												SOURCEPAGE:Mon	
#Aoa																																		
CATEGORY=Internal|Master Traits.MOD	ABILITY:Special Ability|AUTOMATIC|Aoa Traits|PRERACE:1,RACESUBTYPE=Aoa																																	
CATEGORY=Internal|Master Traits.MOD	ABILITY:Special Ability|AUTOMATIC|Traits Output ~ Aoa|PREMULT:2,[PREVAREQ:NoTypeTraits,0],[PRERACE:1,RACESUBTYPE=Aoa]																																	
Aoa Traits	CATEGORY:Special Ability	TYPE:SpecialQuality.RacialTrait	VISIBLE:YES	DESC:.	KEY:Traits Output ~ Aoa																												SOURCEPAGE:FFo	
Aoa Traits	CATEGORY:Special Ability	TYPE:SubTraitAbility						DEFINE:FireResistanceBonus|20	DEFINE:ColdResistanceBonus|20	DEFINE:ElectricityResistanceBonus|20	DEFINE:SonicResistanceBonus|20	BONUS:VAR|DarkvisionRange|60|TYPE=Base	BONUS:SKILL|Hide|-6|TYPE=Racial							ABILITY:Special Ability|AUTOMATIC|Dispelling Touch|Immunity To Gaze|Reflective Spell Resistance|Resistance To Cold|Resistance To Electricity|Resistance To Fire|Resistance To Sonic	SPELLS:Innate|TIMES=ATWILL|CASTERLEVEL=15|Detect Magic,10+CHA												SOURCEPAGE:FFo	
#Automaton																																		
CATEGORY=Internal|Master Traits.MOD	ABILITY:Special Ability|AUTOMATIC|Automaton Traits|PRERACE:1,RACESUBTYPE=Automaton																																	
CATEGORY=Internal|Master Traits.MOD	ABILITY:Special Ability|AUTOMATIC|Traits Output ~ Automaton|PREMULT:2,[PREVAREQ:NoTypeTraits,0],[PRERACE:1,RACESUBTYPE=Automaton]																																	
Automaton Traits	CATEGORY:Special Ability	TYPE:SpecialQuality.RacialTrait	VISIBLE:YES	DESC:.	KEY:Traits Output ~ Automaton																												SOURCEPAGE:MM2	
Automaton Traits	CATEGORY:Special Ability	TYPE:SubTraitAbility																		ABILITY:Special Ability|AUTOMATIC|Unreliable													SOURCEPAGE:MM2	
#Baatezu																																		
CATEGORY=Internal|Master Traits.MOD	ABILITY:Special Ability|AUTOMATIC|Baatezu Traits|PRERACE:1,RACESUBTYPE=Baatezu																																	
CATEGORY=Internal|Master Traits.MOD	ABILITY:Special Ability|AUTOMATIC|Traits Output ~ Baatezu|PREMULT:2,[PREVAREQ:NoTypeTraits,0],[PRERACE:1,RACESUBTYPE=Baatezu]																																	
Baatezu Traits	CATEGORY:Special Ability	TYPE:SpecialQuality.RacialTrait	VISIBLE:YES	DESC:.	KEY:Traits Output ~ Baatezu																												SOURCEPAGE:MM	
Baatezu Traits	CATEGORY:Special Ability	TYPE:SubTraitAbility						DEFINE:AcidResistanceBonus|10	DEFINE:ColdResistanceBonus|10			BONUS:VAR|DarkvisionRange|60|TYPE=Base								ABILITY:Special Ability|AUTOMATIC|Immunity to Fire|Immunity To Poison|Resistance To Acid|Resistance To Cold|See in Darkness|Telepathy		AUTO:LANG|Infernal|Celestial|Draconic											SOURCEPAGE:MM	
#Barghest																																		
CATEGORY=Internal|Master Traits.MOD	ABILITY:Special Ability|AUTOMATIC|Barghest Traits|PRERACE:1,RACESUBTYPE=Barghest																																	
CATEGORY=Internal|Master Traits.MOD	ABILITY:Special Ability|AUTOMATIC|Traits Output ~ Barghest|PREMULT:2,[PREVAREQ:NoTypeTraits,0],[PRERACE:1,RACESUBTYPE=Barghest]																																	
Barghest Traits	CATEGORY:Special Ability	TYPE:SpecialQuality.RacialTrait	VISIBLE:YES	DESC:.	KEY:Traits Output ~ Barghest																												SOURCEPAGE:MM	
Barghest Traits	CATEGORY:Special Ability	TYPE:SubTraitAbility						DEFINE:AcidResistanceBonus|10	DEFINE:ColdResistanceBonus|10			BONUS:VAR|DarkvisionRange|60|TYPE=Base								ABILITY:Special Ability|AUTOMATIC|Natural Weapons ~ Barghest|Spell-Like Abilities ~ Barghest|Feed ~ Barghest|Change Shape ~ Barghest|Pass Without Trace ~ Barghest|Skills ~ Barghest		AUTO:LANG|Goblin|Worg|Infernal											SOURCEPAGE:MM	
#Beholder																																		
CATEGORY=Internal|Master Traits.MOD	ABILITY:Special Ability|AUTOMATIC|Beholder Traits|PRERACE:1,RACESUBTYPE=Beholder																																	
CATEGORY=Internal|Master Traits.MOD	ABILITY:Special Ability|AUTOMATIC|Traits Output ~ Beholder|PREMULT:2,[PREVAREQ:NoTypeTraits,0],[PRERACE:1,RACESUBTYPE=Beholder]																																	
Beholder Traits	CATEGORY:Special Ability	TYPE:SpecialQuality.RacialTrait	VISIBLE:YES	DESC:.	KEY:Traits Output ~ Beholder																												SOURCEPAGE:MM	
Beholder Traits	CATEGORY:Special Ability	TYPE:SubTraitAbility										BONUS:SKILL|Spot,Search|4|TYPE=Racial								ABILITY:Special Ability|AUTOMATIC|Eye Rays|All-Around Vision|Flight (Ex)		AUTO:LANG|Beholder|Common											SOURCEPAGE:MM	
#Canomorph																																		
CATEGORY=Internal|Master Traits.MOD	ABILITY:Special Ability|AUTOMATIC|Canomorph Traits|PRERACE:1,RACESUBTYPE=Canomorph																																	
CATEGORY=Internal|Master Traits.MOD	ABILITY:Special Ability|AUTOMATIC|Traits Output ~ Canomorph|PREMULT:2,[PREVAREQ:NoTypeTraits,0],[PRERACE:1,RACESUBTYPE=Canomorph]																																	
Canomorph Traits	CATEGORY:Special Ability	TYPE:SpecialQuality.RacialTrait	VISIBLE:YES	DESC:.	KEY:Traits Output ~ Canomorph																												SOURCEPAGE:FFo	
Canomorph Traits	CATEGORY:Special Ability	TYPE:SubTraitAbility										BONUS:VAR|DarkvisionRange|60|TYPE=Base								ABILITY:Special Ability|AUTOMATIC|Change Shape|Command Fiendish Hound|Scent													SOURCEPAGE:FFo	
#Clockwork Horror																																		
CATEGORY=Internal|Master Traits.MOD	ABILITY:Special Ability|AUTOMATIC|Clockwork Horror Traits|PRERACE:1,RACESUBTYPE=Clockwork Horror																																	
CATEGORY=Internal|Master Traits.MOD	ABILITY:Special Ability|AUTOMATIC|Traits Output ~ Clockwork Horror|PREMULT:2,[PREVAREQ:NoTypeTraits,0],[PRERACE:1,RACESUBTYPE=Clockwork Horror]																																	
Clockwork Horror Traits	CATEGORY:Special Ability	TYPE:SpecialQuality.RacialTrait	VISIBLE:YES	DESC:.	KEY:Traits Output ~ Clockwork Horror																												SOURCEPAGE:MM2	
Clockwork Horror Traits	CATEGORY:Special Ability	TYPE:SubTraitAbility						DEFINE:ClockworkLanguages|1												ABILITY:Special Ability|AUTOMATIC|Linked Mind|Spell Vulnerability|Immunity To Electricity		AUTO:LANG|Clockwork Tickles											SOURCEPAGE:MM2	
#Dark One																																		
CATEGORY=Internal|Master Traits.MOD	ABILITY:Special Ability|AUTOMATIC|Dark One Traits|PRERACE:1,RACESUBTYPE=Dark One																																	
CATEGORY=Internal|Master Traits.MOD	ABILITY:Special Ability|AUTOMATIC|Traits Output ~ Dark One|PREMULT:2,[PREVAREQ:NoTypeTraits,0],[PRERACE:1,RACESUBTYPE=Dark One]																																	
Dark One Traits	CATEGORY:Special Ability	TYPE:SpecialQuality.RacialTrait	VISIBLE:YES	DESC:.	KEY:Traits Output ~ Dark One																												SOURCEPAGE:FFo	
Dark One Traits	CATEGORY:Special Ability	TYPE:SubTraitAbility						DEFINE:ShadowCloakPerDay|3												ABILITY:Special Ability|AUTOMATIC|Skills ~ Dark One|Light Sensitivity|Shadow Cloak|Sneak Attack		AUTO:LANG|Dark One|Undercommon											SOURCEPAGE:FFo	
Skills	CATEGORY:Special Ability	TYPE:SpecialQuality		DESC:+8 racial bonus on Hide checks when in shadowy areas. +4 racial bonus on Move Silently checks when in shadowy areas.	KEY:Skills ~ Dark One																												SOURCEPAGE:FFo	
#Demodand																																		
CATEGORY=Internal|Master Traits.MOD	ABILITY:Special Ability|AUTOMATIC|Demodand Traits|PRERACE:1,RACESUBTYPE=Demodand																																	
CATEGORY=Internal|Master Traits.MOD	ABILITY:Special Ability|AUTOMATIC|Traits Output ~ Demodand|PREMULT:2,[PREVAREQ:NoTypeTraits,0],[PRERACE:1,RACESUBTYPE=Demodand]																																	
Demodand Traits	CATEGORY:Special Ability	TYPE:SpecialQuality.RacialTrait	VISIBLE:YES	DESC:.	KEY:Traits Output ~ Demodand																												SOURCEPAGE:FFo	
Demodand Traits	CATEGORY:Special Ability	TYPE:SubTraitAbility																		ABILITY:Special Ability|AUTOMATIC|Freedom of Movement (Sp always active)|Immunity To Poison		AUTO:LANG|Demodand											SOURCEPAGE:FFo	
#Deva																																		
CATEGORY=Internal|Master Traits.MOD	ABILITY:Special Ability|AUTOMATIC|Deva Traits|PRERACE:1,RACESUBTYPE=Deva																																	
CATEGORY=Internal|Master Traits.MOD	ABILITY:Special Ability|AUTOMATIC|Traits Output ~ Deva|PREMULT:2,[PREVAREQ:NoTypeTraits,0],[PRERACE:1,RACESUBTYPE=Deva]																																	
Deva Traits	CATEGORY:Special Ability	TYPE:SpecialQuality.RacialTrait	VISIBLE:YES	DESC:.	KEY:Traits Output ~ Deva																												SOURCEPAGE:FFo	
Deva Traits	CATEGORY:Special Ability	TYPE:SubTraitAbility																		ABILITY:Special Ability|AUTOMATIC|Immunity To Acid|Immunity To Cold|Immunity To Electricity|Protective Aura		AUTO:LANG|Celestial|Draconic|Infernal											SOURCEPAGE:FFo	
#Desmodu's Bat																																		
CATEGORY=Internal|Master Traits.MOD	ABILITY:Special Ability|AUTOMATIC|Desmodu's Bat Traits|PRERACE:1,RACESUBTYPE=Desmodu's Bat																																	
CATEGORY=Internal|Master Traits.MOD	ABILITY:Special Ability|AUTOMATIC|Traits Output ~ Desmodu's Bat|PREMULT:2,[PREVAREQ:NoTypeTraits,0],[PRERACE:1,RACESUBTYPE=Desmodu's Bat]																																	
Desmodu's Bat Traits	CATEGORY:Special Ability	TYPE:SpecialQuality.RacialTrait	VISIBLE:YES	DESC:.	KEY:Traits Output ~ Desmodu's Bat																												SOURCEPAGE:MM2	
Desmodu's Bat Traits	CATEGORY:Special Ability	TYPE:SubTraitAbility										BONUS:VAR|BlindsightRange|120|TYPE=Base								ABILITY:Special Ability|AUTOMATIC|Immunity to Screech													SOURCEPAGE:MM2	
#Eladrin																																		
CATEGORY=Internal|Master Traits.MOD	ABILITY:Special Ability|AUTOMATIC|Eladrin Traits|PRERACE:1,RACESUBTYPE=Eladrin																																	
CATEGORY=Internal|Master Traits.MOD	ABILITY:Special Ability|AUTOMATIC|Traits Output ~ Eladrin|PREMULT:2,[PREVAREQ:NoTypeTraits,0],[PRERACE:1,RACESUBTYPE=Eladrin]																																	
Eladrin Traits	CATEGORY:Special Ability	TYPE:SpecialQuality.RacialTrait	VISIBLE:YES	DESC:.	KEY:Traits Output ~ Eladrin																												SOURCEPAGE:MM	
Eladrin Traits	CATEGORY:Special Ability	TYPE:SubTraitAbility						DEFINE:ColdResistanceBonus|10	DEFINE:FireResistanceBonus|10			BONUS:VAR|DarkvisionRange|60|TYPE=Base								ABILITY:Special Ability|AUTOMATIC|Immunity To Electricity|Immunity To Petrification|Resistance To Cold|Resistance To Fire|Tongues	ABILITY:Special Ability|AUTOMATIC|Vision ~ Low-Light												SOURCEPAGE:MM	
#Elemental Grue																																		
CATEGORY=Internal|Master Traits.MOD	ABILITY:Special Ability|AUTOMATIC|Elemental Grue Traits|PRERACE:1,RACESUBTYPE=Elemental Grue																																	
CATEGORY=Internal|Master Traits.MOD	ABILITY:Special Ability|AUTOMATIC|Traits Output ~ Elemental Grue|PREMULT:2,[PREVAREQ:NoTypeTraits,0],[PRERACE:1,RACESUBTYPE=Elemental Grue]																																	
Elemental Grue Traits	CATEGORY:Special Ability	TYPE:SpecialQuality.RacialTrait	VISIBLE:YES	DESC:.	KEY:Traits Output ~ Elemental Grue																												SOURCEPAGE:CA	
Elemental Grue Traits	CATEGORY:Special Ability	TYPE:SubTraitAbility																		ABILITY:Special Ability|AUTOMATIC|Spell Disruption													SOURCEPAGE:CA	
#Elemental Weird																																		
CATEGORY=Internal|Master Traits.MOD	ABILITY:Special Ability|AUTOMATIC|Elemental Weird Traits|PRERACE:1,RACESUBTYPE=Elemental Weird																																	
CATEGORY=Internal|Master Traits.MOD	ABILITY:Special Ability|AUTOMATIC|Traits Output ~ Elemental Weird|PREMULT:2,[PREVAREQ:NoTypeTraits,0],[PRERACE:1,RACESUBTYPE=Elemental Weird]																																	
Elemental Weird Traits	CATEGORY:Special Ability	TYPE:SpecialQuality.RacialTrait	VISIBLE:YES	DESC:.	KEY:Traits Output ~ Elemental Weird																												SOURCEPAGE:MM2	
Elemental Weird Traits	CATEGORY:Special Ability	TYPE:SubTraitAbility																		ABILITY:Special Ability|AUTOMATIC|Elemental Command|Elemental Pool	SPELLS:Prescience|TIMES=ATWILL|CASTERLEVEL=16|Analyze Dweomer,16+CHA|Clairaudience/Clairvoyance,13+CHA|Contact Other Plane,15+CHA|Detect Thoughts,12+CHA|Discern Location,18+CHA|Find the Path,16+CHA|Foresight,19+CHA|Legend Lore,16+CHA|Locate Creature,14+CHA|Locate Object,12+CHA|Scrying (Greater),17+CHA|Tongues,13+CHA|True Seeing,16+CHA|Vision,17+CHA												SOURCEPAGE:MM2	
#Energon																																		
CATEGORY=Internal|Master Traits.MOD	ABILITY:Special Ability|AUTOMATIC|Energon Traits|PRERACE:1,RACESUBTYPE=Energon																																	
CATEGORY=Internal|Master Traits.MOD	ABILITY:Special Ability|AUTOMATIC|Traits Output ~ Energon|PREMULT:2,[PREVAREQ:NoTypeTraits,0],[PRERACE:1,RACESUBTYPE=Energon]																																	
Energon Traits	CATEGORY:Special Ability	TYPE:SpecialQuality.RacialTrait	VISIBLE:YES	DESC:Do not speack even among themselves.	KEY:Traits Output ~ Energon																												SOURCEPAGE:MotP	
Energon Traits	CATEGORY:Special Ability	TYPE:SubTraitAbility										BONUS:VAR|DarkvisionRange|60|TYPE=Base								ABILITY:Special Ability|AUTOMATIC|Explosion|Energy Ray													SOURCEPAGE:MotP	
#Ethergaunt																																		
CATEGORY=Internal|Master Traits.MOD	ABILITY:Special Ability|AUTOMATIC|Ethergaunt Traits|PRERACE:1,RACESUBTYPE=Ethergaunt																																	
CATEGORY=Internal|Master Traits.MOD	ABILITY:Special Ability|AUTOMATIC|Traits Output ~ Ethergaunt|PREMULT:2,[PREVAREQ:NoTypeTraits,0],[PRERACE:1,RACESUBTYPE=Ethergaunt]																																	
Ethergaunt Traits	CATEGORY:Special Ability	TYPE:SpecialQuality.RacialTrait	VISIBLE:YES		KEY:Traits Output ~ Ethergaunt																												SOURCEPAGE:FFo	
Ethergaunt Traits	CATEGORY:Special Ability	TYPE:SubTraitAbility						DEFINE:EthergauntLanguage|1												ABILITY:Special Ability|AUTOMATIC|Enslave|Immunity To Arcane Spells|Material Jaunt|Stupefying Gaze|Total Vision		AUTO:LANG|Khen-Zai	LANGBONUS:Common,Draconic,Dwarven,Elven										SOURCEPAGE:FFo	
#Felldrake																																		
CATEGORY=Internal|Master Traits.MOD	ABILITY:Special Ability|AUTOMATIC|Felldrake Traits|PRERACE:1,RACESUBTYPE=Felldrake																																	
CATEGORY=Internal|Master Traits.MOD	ABILITY:Special Ability|AUTOMATIC|Traits Output ~ Felldrake|PREMULT:2,[PREVAREQ:NoTypeTraits,0],[PRERACE:1,RACESUBTYPE=Felldrake]																																	
Felldrake Traits	CATEGORY:Special Ability	TYPE:SpecialQuality.RacialTrait	VISIBLE:YES	DESC:.	KEY:Traits Output ~ Felldrake																												SOURCEPAGE:MM2	
Felldrake Traits	CATEGORY:Special Ability	TYPE:SubTraitAbility										BONUS:VAR|DarkvisionRange|60|TYPE=Base								ABILITY:Special Ability|AUTOMATIC|Immunity To Sleep|Immunity To Paralysis|Vision ~ Low-Light		AUTO:LANG|Draconic|Sylvan											SOURCEPAGE:MM2	
#Fensir																																		
CATEGORY=Internal|Master Traits.MOD	ABILITY:Special Ability|AUTOMATIC|Fensir Traits|PRERACE:1,RACESUBTYPE=Fensir																																	
CATEGORY=Internal|Master Traits.MOD	ABILITY:Special Ability|AUTOMATIC|Traits Output ~ Fensir|PREMULT:2,[PREVAREQ:NoTypeTraits,0],[PRERACE:1,RACESUBTYPE=Fensir]																																	
Fensir Traits	CATEGORY:Special Ability	TYPE:SpecialQuality.RacialTrait	VISIBLE:YES	DESC:.	KEY:Traits Output ~ Fensir																												SOURCEPAGE:FFo	
Fensir Traits	CATEGORY:Special Ability	TYPE:SubTraitAbility																		ABILITY:Special Ability|AUTOMATIC|Rock Catching|Rock Throwing|Vulnerability To Sunlight	SPELLS:Innate|TIMES=ATWILL|CASTERLEVEL=9|Transmute Mud to Rock,15+CHA|Transmute Rock to Mud,15+CHA												SOURCEPAGE:FFo	
#Flame Snake																																		
CATEGORY=Internal|Master Traits.MOD	ABILITY:Special Ability|AUTOMATIC|Flame Snake Traits|PRERACE:1,RACESUBTYPE=Flame Snake																																	
CATEGORY=Internal|Master Traits.MOD	ABILITY:Special Ability|AUTOMATIC|Traits Output ~ Flame Snake|PREMULT:2,[PREVAREQ:NoTypeTraits,0],[PRERACE:1,RACESUBTYPE=Flame Snake]																																	
Flame Snake Traits	CATEGORY:Special Ability	TYPE:SpecialQuality.RacialTrait	VISIBLE:YES	DESC:.	KEY:Traits Output ~ Flame Snake																												SOURCEPAGE:FFo	
Flame Snake Traits	CATEGORY:Special Ability	TYPE:SubTraitAbility										BONUS:SKILL|Climb|8|TYPE=Racial								ABILITY:Special Ability|AUTOMATIC|Heat|Scent|Skills ~ Flame Snake		AUTO:LANG|Ignan											SOURCEPAGE:FFo	
Skills	CATEGORY:Special Ability	TYPE:SpecialQuality		DESC:It can always take 10 on a climb check even if rushed or threatened.	KEY:Skills ~ Flame Snake																												SOURCEPAGE:FFo	
#Formian																																		
CATEGORY=Internal|Master Traits.MOD	ABILITY:Special Ability|AUTOMATIC|Formian Traits|PRERACE:1,RACESUBTYPE=Formian																																	
CATEGORY=Internal|Master Traits.MOD	ABILITY:Special Ability|AUTOMATIC|Traits Output ~ Formian|PREMULT:2,[PREVAREQ:NoTypeTraits,0],[PRERACE:1,RACESUBTYPE=Formian]																																	
Formian Traits	CATEGORY:Special Ability	TYPE:SpecialQuality.RacialTrait	VISIBLE:YES	DESC:.	KEY:Traits Output ~ Formian																												SOURCEPAGE:FFo	
Formian Traits	CATEGORY:Special Ability	TYPE:SubTraitAbility						DEFINE:FireResistanceBonus|20	DEFINE:ElectricityResistanceBonus|20	DEFINE:SonicResistanceBonus|20										ABILITY:Special Ability|AUTOMATIC|Hive Mind|Immunity To Cold|Immunity To Petrification|Immunity To Poison|Resistance To Electricity|Resistance To Fire|Resistance To Sonic													SOURCEPAGE:FFo	
#Genie																																		
CATEGORY=Internal|Master Traits.MOD	ABILITY:Special Ability|AUTOMATIC|Genie Traits|PRERACE:1,RACESUBTYPE=Genie																																	
CATEGORY=Internal|Master Traits.MOD	ABILITY:Special Ability|AUTOMATIC|Traits Output ~ Genie|PREMULT:2,[PREVAREQ:NoTypeTraits,0],[PRERACE:1,RACESUBTYPE=Genie]																																	
Genie Traits	CATEGORY:Special Ability	TYPE:SpecialQuality.RacialTrait	VISIBLE:YES	DESC:.	KEY:Traits Output ~ Genie																												SOURCEPAGE:MM	
Genie Traits	CATEGORY:Special Ability	TYPE:SubTraitAbility																		ABILITY:Special Ability|AUTOMATIC|Plane Shift ~ Genie Shared													SOURCEPAGE:MM	
#Giant																																		
CATEGORY=Internal|Master Traits.MOD	ABILITY:Special Ability|AUTOMATIC|Giant Traits|PRERACE:1,RACESUBTYPE=Giant																																	
CATEGORY=Internal|Master Traits.MOD	ABILITY:Special Ability|AUTOMATIC|Traits Output ~ Giant|PREMULT:2,[PREVAREQ:NoTypeTraits,0],[PRERACE:1,RACESUBTYPE=Giant]																																	
Giant Traits	CATEGORY:Special Ability	TYPE:SpecialQuality.RacialTrait	VISIBLE:YES	DESC:.	KEY:Traits Output ~ Giant																												SOURCEPAGE:MM	
Giant Traits	CATEGORY:Special Ability	TYPE:SubTraitAbility																		ABILITY:Special Ability|AUTOMATIC|Rock Catching ~ Giant Shared|Rock Throwing ~ Giant Shared													SOURCEPAGE:MM	
#Guardinal																																		
CATEGORY=Internal|Master Traits.MOD	ABILITY:Special Ability|AUTOMATIC|Guardinal Traits|PRERACE:1,RACESUBTYPE=Guardinal																																	
CATEGORY=Internal|Master Traits.MOD	ABILITY:Special Ability|AUTOMATIC|Traits Output ~ Guardinal|PREMULT:2,[PREVAREQ:NoTypeTraits,0],[PRERACE:1,RACESUBTYPE=Guardinal]																																	
Guardinal Traits	CATEGORY:Special Ability	TYPE:SpecialQuality.RacialTrait	VISIBLE:YES	DESC:+4 racial bonus on saving throws against poison.	KEY:Traits Output ~ Guardinal																												SOURCEPAGE:MM	
Guardinal Traits	CATEGORY:Special Ability	TYPE:SubTraitAbility						DEFINE:ColdResistanceBonus|10	DEFINE:SonicResistanceBonus|10			BONUS:VAR|DarkvisionRange|60|TYPE=Base	BONUS:VAR|PoisonResistanceBonus|4|TYPE=Racial							ABILITY:Special Ability|AUTOMATIC|Immunity To Electricity|Immunity To Petrification|Resistance To Cold|Resistance To Sonic|Lay on Hands|Speak with Animals|Vision ~ Low-Light|Resistance To Poison		AUTO:LANG|Celestial|Infernal|Draconic											SOURCEPAGE:MM	
#Hag																																		
CATEGORY=Internal|Master Traits.MOD	ABILITY:Special Ability|AUTOMATIC|Hag Traits|PRERACE:1,RACESUBTYPE=Hag																																	
CATEGORY=Internal|Master Traits.MOD	ABILITY:Special Ability|AUTOMATIC|Traits Output ~ Hag|PREMULT:2,[PREVAREQ:NoTypeTraits,0],[PRERACE:1,RACESUBTYPE=Hag]																																	
Hag Traits	CATEGORY:Special Ability	TYPE:SpecialQuality.RacialTrait	VISIBLE:YES	DESC:.	KEY:Traits Output ~ Hag																												SOURCEPAGE:MM	
Hag Traits	CATEGORY:Special Ability	TYPE:SubTraitAbility																				AUTO:LANG|Giant|Common											SOURCEPAGE:MM	
#Hell Hound																																		
CATEGORY=Internal|Master Traits.MOD	ABILITY:Special Ability|AUTOMATIC|Hell Hound Traits|PRERACE:1,RACESUBTYPE=Hell Hound																																	
CATEGORY=Internal|Master Traits.MOD	ABILITY:Special Ability|AUTOMATIC|Traits Output ~ Hell Hound|PREMULT:2,[PREVAREQ:NoTypeTraits,0],[PRERACE:1,RACESUBTYPE=Hell Hound]																																	
Hell Hound Traits	CATEGORY:Special Ability	TYPE:SpecialQuality.RacialTrait	VISIBLE:YES	DESC:.	KEY:Traits Output ~ Hell Hound																												SOURCEPAGE:MM	
Hell Hound Traits	CATEGORY:Special Ability	TYPE:SubTraitAbility						DEFINE:BreathWeaponCone|10	DEFINE:BreathWeaponDice|2	DEFINE:BreathWeaponDamageDie|4	DEFINE:BreathWeaponDC|10+(HD/2)+CON									ABILITY:Special Ability|AUTOMATIC|Breath Weapon ~ Cone of Fire|Skills ~ Hell Hound|Immunity To Fire|Scent|Vulnerability To Cold	ABILITY:Special Ability|AUTOMATIC|Fiery Bite ~ Hell Hound|PRESIZEEQ:M	AUTO:LANG|Infernal	ABILITY:Special Ability|AUTOMATIC|Fiery Bite Large ~ Hell Hound|PRESIZEEQ:L	ABILITY:Special Ability|AUTOMATIC|Fiery Bite Huge ~ Hell Hound|PRESIZEEQ:H									SOURCEPAGE:MM	
#Imp																																		
CATEGORY=Internal|Master Traits.MOD	ABILITY:Special Ability|AUTOMATIC|Imp Traits|PRERACE:1,RACESUBTYPE=Imp																																	
CATEGORY=Internal|Master Traits.MOD	ABILITY:Special Ability|AUTOMATIC|Traits Output ~ Imp|PREMULT:2,[PREVAREQ:NoTypeTraits,0],[PRERACE:1,RACESUBTYPE=Imp]																																	
Imp Traits	CATEGORY:Special Ability	TYPE:SpecialQuality.RacialTrait	VISIBLE:YES	DESC:.	KEY:Traits Output ~ Imp																												SOURCEPAGE:FFo	
Imp Traits	CATEGORY:Special Ability	TYPE:SubTraitAbility																		ABILITY:Special Ability|AUTOMATIC|Alternate Form|Fast Healing|See in Darkness													SOURCEPAGE:FFo	
#Inevitable																																		
CATEGORY=Internal|Master Traits.MOD	ABILITY:Special Ability|AUTOMATIC|Inevitable Traits|PRERACE:1,RACESUBTYPE=Inevitable																																	
CATEGORY=Internal|Master Traits.MOD	ABILITY:Special Ability|AUTOMATIC|Traits Output ~ Inevitable|PREMULT:2,[PREVAREQ:NoTypeTraits,0],[PRERACE:1,RACESUBTYPE=Inevitable]																																	
Inevitable Traits	CATEGORY:Special Ability	TYPE:SpecialQuality.RacialTrait	VISIBLE:YES	DESC:.	KEY:Traits Output ~ Inevitable																												SOURCEPAGE:FFo	
Inevitable Traits	CATEGORY:Special Ability	TYPE:SubTraitAbility																		ABILITY:Special Ability|AUTOMATIC|Fast Healing		AUTO:LANG|Abyssal|Celestial|Infernal	LANGBONUS:ALL										SOURCEPAGE:FFo	
#Kaorti																																		
CATEGORY=Internal|Master Traits.MOD	ABILITY:Special Ability|AUTOMATIC|Kaorti Traits|PRERACE:1,RACESUBTYPE=Kaorti																																	
CATEGORY=Internal|Master Traits.MOD	ABILITY:Special Ability|AUTOMATIC|Traits Output ~ Kaorti|PREMULT:2,[PREVAREQ:NoTypeTraits,0],[PRERACE:1,RACESUBTYPE=Kaorti]																																	
Kaorti Traits	CATEGORY:Special Ability	TYPE:SpecialQuality.RacialTrait	VISIBLE:YES	DESC:.	KEY:Traits Output ~ Kaorti																												SOURCEPAGE:FFo	
Kaorti Traits	CATEGORY:Special Ability	TYPE:SubTraitAbility										BONUS:VAR|DarkvisionRange|60|TYPE=Base			BONUS:SKILL|Heal|8|TYPE=Racial					ABILITY:Special Ability|AUTOMATIC|Fast Healing		AUTO:LANG|Abyssal|Celestial|Infernal	LANGBONUS:ALL										SOURCEPAGE:FFo	
#Kython																																		
CATEGORY=Internal|Master Traits.MOD	ABILITY:Special Ability|AUTOMATIC|Kython Traits|PRERACE:1,RACESUBTYPE=Kython																																	
CATEGORY=Internal|Master Traits.MOD	ABILITY:Special Ability|AUTOMATIC|Traits Output ~ Kython|PREMULT:2,[PREVAREQ:NoTypeTraits,0],[PRERACE:1,RACESUBTYPE=Kython]																																	
Kython Traits	CATEGORY:Special Ability	TYPE:SpecialQuality.RacialTrait	VISIBLE:YES	DESC:.	KEY:Traits Output ~ Kython																												SOURCEPAGE:BoVD	
Kython Traits	CATEGORY:Special Ability	TYPE:SubTraitAbility						DEFINE:FireResistanceBonus|20	DEFINE:ElectricityResistanceBonus|20			BONUS:VAR|BlindsightRange|60|TYPE=Base								ABILITY:Special Ability|AUTOMATIC|Immunity To Acid|Immunity To Cold|Resistance To Fire|Immunity To Electricity	ABILITY:Special Ability|AUTOMATIC|Kython Weaponry|!PRERACE:1,Kython (Bloodling)	AUTO:WEAPONPROF|TYPE=Kython	AUTO:ARMORPROF|ARMORTYPE=Kython										SOURCEPAGE:BoVD	
#Landwyrm																																		
CATEGORY=Internal|Master Traits.MOD	ABILITY:Special Ability|AUTOMATIC|Landwyrm Traits|PRERACE:1,RACESUBTYPE=Landwyrm																																	
CATEGORY=Internal|Master Traits.MOD	ABILITY:Special Ability|AUTOMATIC|Traits Output ~ Landwyrm|PREMULT:2,[PREVAREQ:NoTypeTraits,0],[PRERACE:1,RACESUBTYPE=Landwyrm]																																	
Landwyrm Traits	CATEGORY:Special Ability	TYPE:SpecialQuality.RacialTrait	VISIBLE:YES	DESC:.	KEY:Traits Output ~ Landwyrm																												SOURCEPAGE:Drac	
Landwyrm Traits	CATEGORY:Special Ability	TYPE:SubTraitAbility																															SOURCEPAGE:Drac	
#Linnorm																																		
CATEGORY=Internal|Master Traits.MOD	ABILITY:Special Ability|AUTOMATIC|Linnorm Traits|PRERACE:1,RACESUBTYPE=Linnorm																																	
CATEGORY=Internal|Master Traits.MOD	ABILITY:Special Ability|AUTOMATIC|Traits Output ~ Linnorm|PREMULT:2,[PREVAREQ:NoTypeTraits,0],[PRERACE:1,RACESUBTYPE=Linnorm]																																	
Linnorm Traits	CATEGORY:Special Ability	TYPE:SpecialQuality.RacialTrait	VISIBLE:YES	DESC:.	KEY:Traits Output ~ Linnorm																												SOURCEPAGE:MM2	
Linnorm Traits	CATEGORY:Special Ability	TYPE:SubTraitAbility										BONUS:VAR|BlindsightRange|60|TYPE=Base	BONUS:VAR|DarkvisionRange|120|TYPE=Base							ABILITY:Special Ability|AUTOMATIC|Keen Senses|Immunity To Sleep|Immunity To Paralysis		AUTO:LANG|Draconic|Abyssal											SOURCEPAGE:MM2	
#Living Construct																																		
CATEGORY=Internal|Master Traits.MOD	ABILITY:Special Ability|AUTOMATIC|Living Construct Traits|PRERACE:1,RACESUBTYPE=Living Construct																																	
CATEGORY=Internal|Master Traits.MOD	ABILITY:Special Ability|AUTOMATIC|Traits Output ~ Living Construct|PREMULT:2,[PREVAREQ:NoTypeTraits,0],[PRERACE:1,RACESUBTYPE=Living Construct]																																	
Living Construct Traits	CATEGORY:Special Ability	TYPE:SpecialQuality.RacialTrait	VISIBLE:YES	DESC:Living Construct do not eat/sleep/breathe but benefit from the effect of consumable spells and magic item. Living Constructs are Immune to poison/ sleep effects/ paralysis/ disease/ nausea/ fatigue/ exhaustion/ and necromancy effects.	KEY:Traits Output ~ Living Construct																												SOURCEPAGE:MM3	
Living Construct Traits	CATEGORY:Special Ability	TYPE:SubTraitAbility						DEFINESTAT:UNLOCK|CON				BONUS:HP|CURRENTMAX|-1*max(SIZE-2,0)*10	BONUS:HP|CURRENTMAX|-1*max(SIZE-6,0)*10							ABILITY:Special Ability|AUTOMATIC|Immunity To Poison|Immunity To Sleep|Immunity To Paralysis|Immunity To Disease|Immunity To Exhaustion|Immunity To Fatigue|Immunity To Nausea|Immunity To Necromantic Effetcs													SOURCEPAGE:MM3	
#Mongrelman																																		
CATEGORY=Internal|Master Traits.MOD	ABILITY:Special Ability|AUTOMATIC|Mongrelman Traits|PRERACE:1,RACESUBTYPE=Mongrelman																																	
CATEGORY=Internal|Master Traits.MOD	ABILITY:Special Ability|AUTOMATIC|Traits Output ~ Mongrelman|PREMULT:2,[PREVAREQ:NoTypeTraits,0],[PRERACE:1,RACESUBTYPE=Mongrelman]																																	
Mongrelman Traits	CATEGORY:Special Ability	TYPE:SpecialQuality.RacialTrait	VISIBLE:YES	DESC:.	KEY:Traits Output ~ Mongrelman																												SOURCEPAGE:FFo	
Mongrelman Traits	CATEGORY:Special Ability	TYPE:SubTraitAbility													BONUS:SKILL|Hide,Sleight of Hand|8|TYPE=Racial					ABILITY:Special Ability|AUTOMATIC|Skills ~ Mongrelman		AUTO:LANG|Pidgin											SOURCEPAGE:FFo	
Skills	CATEGORY:Special Ability	TYPE:SpecialQuality		DESC:+8 racial bonus on Hide and Sleight of Hand checks.	KEY:Skills ~ Mongrelman																												SOURCEPAGE:FFo	
#Myconid																																		
CATEGORY=Internal|Master Traits.MOD	ABILITY:Special Ability|AUTOMATIC|Myconid Traits|PRERACE:1,RACESUBTYPE=Myconid																																	
CATEGORY=Internal|Master Traits.MOD	ABILITY:Special Ability|AUTOMATIC|Traits Output ~ Myconid|PREMULT:2,[PREVAREQ:NoTypeTraits,0],[PRERACE:1,RACESUBTYPE=Myconid]																																	
Myconid Traits	CATEGORY:Special Ability	TYPE:SpecialQuality.RacialTrait	VISIBLE:YES	DESC:.	KEY:Traits Output ~ Myconid															ABILITY:Special Ability|AUTOMATIC|Spores													SOURCEPAGE:MM2	
Myconid Traits	CATEGORY:Special Ability	TYPE:SubTraitAbility																															SOURCEPAGE:MM2	
#Neogi																																		
CATEGORY=Internal|Master Traits.MOD	ABILITY:Special Ability|AUTOMATIC|Neogi Traits|PRERACE:1,RACESUBTYPE=Neogi																																	
CATEGORY=Internal|Master Traits.MOD	ABILITY:Special Ability|AUTOMATIC|Traits Output ~ Neogi|PREMULT:2,[PREVAREQ:NoTypeTraits,0],[PRERACE:1,RACESUBTYPE=Neogi]																																	
Neogi Traits	CATEGORY:Special Ability	TYPE:SpecialQuality.RacialTrait	VISIBLE:YES	DESC:.	KEY:Traits Output ~ Neogi																												SOURCEPAGE:MM2	
Neogi Traits	CATEGORY:Special Ability	TYPE:SubTraitAbility										BONUS:SKILL|Climb,Jump|DEX-STR								ABILITY:Special Ability|AUTOMATIC|Poison|Immunity To All Mind Affecting Effects		AUTO:LANG|Common|Undercommon|Terran											SOURCEPAGE:MM2	
#Nerra																																		
CATEGORY=Internal|Master Traits.MOD	ABILITY:Special Ability|AUTOMATIC|Nerra Traits|PRERACE:1,RACESUBTYPE=Nerra																																	
CATEGORY=Internal|Master Traits.MOD	ABILITY:Special Ability|AUTOMATIC|Traits Output ~ Nerra|PREMULT:2,[PREVAREQ:NoTypeTraits,0],[PRERACE:1,RACESUBTYPE=Nerra]																																	
Nerra Traits	CATEGORY:Special Ability	TYPE:SpecialQuality.RacialTrait	VISIBLE:YES	DESC:.	KEY:Traits Output ~ Nerra																												SOURCEPAGE:FFo	
Nerra Traits	CATEGORY:Special Ability	TYPE:SubTraitAbility																		ABILITY:Special Ability|AUTOMATIC|Immunity To Gaze|Mirror Jump|Reflective Spell Resistance|Vulnerability To Sonic		AUTO:LANG|Common|Nerra											SOURCEPAGE:FFo	
#Orcwort																																		
CATEGORY=Internal|Master Traits.MOD	ABILITY:Special Ability|AUTOMATIC|Orcwort Traits|PRERACE:1,RACESUBTYPE=Orcwort																																	
CATEGORY=Internal|Master Traits.MOD	ABILITY:Special Ability|AUTOMATIC|Traits Output ~ Orcwort|PREMULT:2,[PREVAREQ:NoTypeTraits,0],[PRERACE:1,RACESUBTYPE=Orcwort]																																	
Orcwort Traits	CATEGORY:Special Ability	TYPE:SpecialQuality.RacialTrait	VISIBLE:YES	DESC:.	KEY:Traits Output ~ Orcwort																												SOURCEPAGE:MM2	
Orcwort Traits	CATEGORY:Special Ability	TYPE:SubTraitAbility																		ABILITY:Special Ability|AUTOMATIC|Woodsense													SOURCEPAGE:MM2	
#Phaerimm																																		
CATEGORY=Internal|Master Traits.MOD	ABILITY:Special Ability|AUTOMATIC|Phaerimm Traits|PRERACE:1,RACESUBTYPE=Phaerimm																																	
CATEGORY=Internal|Master Traits.MOD	ABILITY:Special Ability|AUTOMATIC|Traits Output ~ Phaerimm|PREMULT:2,[PREVAREQ:NoTypeTraits,0],[PRERACE:1,RACESUBTYPE=Phaerimm]																																	
Phaerimm Traits	CATEGORY:Special Ability	TYPE:SpecialQuality.RacialTrait	VISIBLE:YES	DESC:.	KEY:Traits Output ~ Phaerimm																												SOURCEPAGE:PGtF	
Phaerimm Traits	CATEGORY:Special Ability	TYPE:SubTraitAbility																															SOURCEPAGE:PGtF	
#Piaga Funesta																																		
CATEGORY=Internal|Master Traits.MOD	ABILITY:Special Ability|AUTOMATIC|Piaga Funesta Traits|PRERACE:1,RACESUBTYPE=Piaga Funesta																																	
CATEGORY=Internal|Master Traits.MOD	ABILITY:Special Ability|AUTOMATIC|Traits Output ~ Piaga Funesta|PREMULT:2,[PREVAREQ:NoTypeTraits,0],[PRERACE:1,RACESUBTYPE=Piaga Funesta]																																	
Piaga Funesta Traits	CATEGORY:Special Ability	TYPE:SpecialQuality.RacialTrait	VISIBLE:YES	DESC:.	KEY:Traits Output ~ Piaga Funesta																												SOURCEPAGE:Nep	
Piaga Funesta Traits	CATEGORY:Special Ability	TYPE:SubTraitAbility										BONUS:VAR|BlindsightRange|150|TYPE=Base	BONUS:VAR|FastHealing|20							ABILITY:Special Ability|AUTOMATIC|Piaga Funesta Nondetection|Atavic Terror|Immunity To Polymorph|True Seeing|Fast Healing													SOURCEPAGE:Nep	
#Psurlon																																		
CATEGORY=Internal|Master Traits.MOD	ABILITY:Special Ability|AUTOMATIC|Psurlon Traits|PRERACE:1,RACESUBTYPE=Psurlon																																	
CATEGORY=Internal|Master Traits.MOD	ABILITY:Special Ability|AUTOMATIC|Traits Output ~ Psurlon|PREMULT:2,[PREVAREQ:NoTypeTraits,0],[PRERACE:1,RACESUBTYPE=Psurlon]																																	
Psurlon Traits	CATEGORY:Special Ability	TYPE:SpecialQuality.RacialTrait	VISIBLE:YES	DESC:.	KEY:Traits Output ~ Psurlon																												SOURCEPAGE:MM2	
Psurlon Traits	CATEGORY:Special Ability	TYPE:SubTraitAbility										BONUS:VAR|BlindsightRange|60|TYPE=Base	BONUS:VAR|DarkvisionRange|120|TYPE=Base	BONUS:VAR|TelepathyRange|250	BONUS:SKILL|Escape Artist|4|TYPE=Racial					ABILITY:Special Ability|AUTOMATIC|Immunity To Sleep|Immunity To Charm Effects|Immunity To Compulsion Effects|Telepathy		AUTO:LANG|Undercommon|Telepathy											SOURCEPAGE:MM2	
#Raggamoffyn																																		
CATEGORY=Internal|Master Traits.MOD	ABILITY:Special Ability|AUTOMATIC|Raggamoffyn Traits|PRERACE:1,RACESUBTYPE=Raggamoffyn																																	
CATEGORY=Internal|Master Traits.MOD	ABILITY:Special Ability|AUTOMATIC|Traits Output ~ Raggamoffyn|PREMULT:2,[PREVAREQ:NoTypeTraits,0],[PRERACE:1,RACESUBTYPE=Raggamoffyn]																																	
Raggamoffyn Traits	CATEGORY:Special Ability	TYPE:SpecialQuality.RacialTrait	VISIBLE:YES	DESC:.	KEY:Traits Output ~ Raggamoffyn																												SOURCEPAGE:MM2	
Raggamoffyn Traits	CATEGORY:Special Ability	TYPE:SubTraitAbility																		ABILITY:Special Ability|AUTOMATIC|Control Host|Improved Grab|Wrap													SOURCEPAGE:MM2	
#Rilmani																																		
CATEGORY=Internal|Master Traits.MOD	ABILITY:Special Ability|AUTOMATIC|Rilmani Traits|PRERACE:1,RACESUBTYPE=Rilmani																																	
CATEGORY=Internal|Master Traits.MOD	ABILITY:Special Ability|AUTOMATIC|Traits Output ~ Rilmani|PREMULT:2,[PREVAREQ:NoTypeTraits,0],[PRERACE:1,RACESUBTYPE=Rilmani]																																	
Rilmani Traits	CATEGORY:Special Ability	TYPE:SpecialQuality.RacialTrait	VISIBLE:YES	DESC:.	KEY:Traits Output ~ Rilmani																												SOURCEPAGE:FFo	
Rilmani Traits	CATEGORY:Special Ability	TYPE:SubTraitAbility						DEFINE:AcidResistanceBonus|20	DEFINE:SonicResistanceBonus|20	DEFINE:RilmaniCasterLVL|0										ABILITY:Special Ability|AUTOMATIC|Change Shape|Immunity To Electricity|Immunity To Poison|Resistance To Acid|Resistance To Sonic	SPELLS:Innate|TIMES=ATWILL|CASTERLEVEL=RilmaniCasterLVL|Comprehend Languages|Detect Chaos|Detect Evil|Detect Good|Detect Law|Detect Magic|Detect Thoughts,12+CHA|Feather Fall,11+CHA|Sanctuary|Tongues												SOURCEPAGE:FFo	
#Rothe																																		
CATEGORY=Internal|Master Traits.MOD	ABILITY:Special Ability|AUTOMATIC|Rothe Traits|PRERACE:1,RACESUBTYPE=Rothe																																	
CATEGORY=Internal|Master Traits.MOD	ABILITY:Special Ability|AUTOMATIC|Traits Output ~ Rothe|PREMULT:2,[PREVAREQ:NoTypeTraits,0],[PRERACE:1,RACESUBTYPE=Rothe]																																	
Rothe Traits	CATEGORY:Special Ability	TYPE:SpecialQuality.RacialTrait	VISIBLE:YES	DESC:.	KEY:Traits Output ~ Rothe																												SOURCEPAGE:PGtF	
Rothe Traits	CATEGORY:Special Ability	TYPE:SubTraitAbility																		ABILITY:Special Ability|AUTOMATIC|Stampede|Resistance To Enchantment													SOURCEPAGE:PGtF	
#Salamander																																		
CATEGORY=Internal|Master Traits.MOD	ABILITY:Special Ability|AUTOMATIC|Salamander Traits|PRERACE:1,RACESUBTYPE=Salamander																																	
CATEGORY=Internal|Master Traits.MOD	ABILITY:Special Ability|AUTOMATIC|Traits Output ~ Salamander|PREMULT:2,[PREVAREQ:NoTypeTraits,0],[PRERACE:1,RACESUBTYPE=Salamander]																																	
Salamander Traits	CATEGORY:Special Ability	TYPE:SpecialQuality.RacialTrait	VISIBLE:YES	DESC:.	KEY:Traits Output ~ Salamander																												SOURCEPAGE:MM	
Salamander Traits	CATEGORY:Special Ability	TYPE:SubTraitAbility										BONUS:SKILL|Craft (Blacksmithing)|4|TYPE=Racial								ABILITY:Special Ability|AUTOMATIC|Constrict ~ Salamander|Heat ~ Salamander|Improved Grab ~ Salamander		AUTO:LANG|Ignan	AUTO:FEAT|Multiattack										SOURCEPAGE:MM	
#Sarkrith																																		
CATEGORY=Internal|Master Traits.MOD	ABILITY:Special Ability|AUTOMATIC|Sarkrith Traits|PRERACE:1,RACESUBTYPE=Sarkrith																																	
CATEGORY=Internal|Master Traits.MOD	ABILITY:Special Ability|AUTOMATIC|Traits Output ~ Sarkrith|PREMULT:2,[PREVAREQ:NoTypeTraits,0],[PRERACE:1,RACESUBTYPE=Sarkrith]																																	
Sarkrith Traits	CATEGORY:Special Ability	TYPE:SpecialQuality.RacialTrait	VISIBLE:YES	DESC:.	KEY:Traits Output ~ Sarkrith																												SOURCEPAGE:FFo	
Sarkrith Traits	CATEGORY:Special Ability	TYPE:SubTraitAbility						DEFINE:MaskScentPerDay|1												ABILITY:Special Ability|AUTOMATIC|Mask Scent|Scent													SOURCEPAGE:FFo	
#Slaad																																		
CATEGORY=Internal|Master Traits.MOD	ABILITY:Special Ability|AUTOMATIC|Slaad Traits|PRERACE:1,RACESUBTYPE=Slaad																																	
CATEGORY=Internal|Master Traits.MOD	ABILITY:Special Ability|AUTOMATIC|Traits Output ~ Slaad|PREMULT:2,[PREVAREQ:NoTypeTraits,0],[PRERACE:1,RACESUBTYPE=Slaad]																																	
Slaad Traits	CATEGORY:Special Ability	TYPE:SpecialQuality.RacialTrait	VISIBLE:YES	DESC:.	KEY:Traits Output ~ Slaad																												SOURCEPAGE:MM	
Slaad Traits	CATEGORY:Special Ability	TYPE:SubTraitAbility						DEFINE:AcidResistanceBonus|5	DEFINE:ColdResistanceBonus|5	DEFINE:ElectricityResistanceBonus|5	DEFINE:FireResistanceBonus|5									ABILITY:Special Ability|AUTOMATIC|Resistance To Acid|Resistance To Cold|Resistance To Electricity|Resistance To Fire|Immunity To Sonic		AUTO:LANG|Slaad											SOURCEPAGE:MM	
#Tanar'ri																																		
CATEGORY=Internal|Master Traits.MOD	ABILITY:Special Ability|AUTOMATIC|Tanar'ri Traits|PRERACE:1,RACESUBTYPE=Tanar'ri																																	
CATEGORY=Internal|Master Traits.MOD	ABILITY:Special Ability|AUTOMATIC|Traits Output ~ Tanar'ri|PREMULT:2,[PREVAREQ:NoTypeTraits,0],[PRERACE:1,RACESUBTYPE=Tanar'ri]																																	
Tanar'ri Traits	CATEGORY:Special Ability	TYPE:SpecialQuality.RacialTrait	VISIBLE:YES	DESC:.	KEY:Traits Output ~ Tanar'ri																												SOURCEPAGE:MM	
Tanar'ri Traits	CATEGORY:Special Ability	TYPE:SubTraitAbility						DEFINE:AcidResistanceBonus|10	DEFINE:ColdResistanceBonus|10	DEFINE:FireResistanceBonus|10	DEFINE:TelepathyRange|30	BONUS:VAR|DarkvisionRange|60|TYPE=Base								ABILITY:Special Ability|AUTOMATIC|Immunity To Electricity|Immunity To Poison|Resistance To Acid|Resistance To Cold|Resistance To Fire|Telepathy	ABILITY:Special Ability|AUTOMATIC|Vision ~ Low-Light	AUTO:LANG|Abyssal|Celestial|Draconic											SOURCEPAGE:MM	
#Varrangoin																																		
CATEGORY=Internal|Master Traits.MOD	ABILITY:Special Ability|AUTOMATIC|Varrangoin Traits|PRERACE:1,RACESUBTYPE=Varrangoin																																	
CATEGORY=Internal|Master Traits.MOD	ABILITY:Special Ability|AUTOMATIC|Traits Output ~ Varrangoin|PREMULT:2,[PREVAREQ:NoTypeTraits,0],[PRERACE:1,RACESUBTYPE=Varrangoin]																																	
Varrangoin Traits	CATEGORY:Special Ability	TYPE:SpecialQuality.RacialTrait	VISIBLE:YES	DESC:.	KEY:Traits Output ~ Varrangoin																												SOURCEPAGE:FFo	
Varrangoin Traits	CATEGORY:Special Ability	TYPE:SubTraitAbility						DEFINE:AcidResistanceBonus|10	DEFINE:ColdResistanceBonus|10	DEFINE:ElectricityResistanceBonus|10	DEFINE:FireResistanceBonus|10									ABILITY:Special Ability|AUTOMATIC|Resistance To Acid|Resistance To Cold|Resistance To Electricity|Resistance To Fire|Vulnerability To Sunlight													SOURCEPAGE:FFo	
#Yuan-Ti																																		
CATEGORY=Internal|Master Traits.MOD	ABILITY:Special Ability|AUTOMATIC|Yuan-Ti Traits|PRERACE:1,RACESUBTYPE=Yuan-Ti																																	
CATEGORY=Internal|Master Traits.MOD	ABILITY:Special Ability|AUTOMATIC|Traits Output ~ Yuan-Ti|PREMULT:2,[PREVAREQ:NoTypeTraits,0],[PRERACE:1,RACESUBTYPE=Yuan-Ti]																																	
Yuan-Ti Traits	CATEGORY:Special Ability	TYPE:SpecialQuality.RacialTrait	VISIBLE:YES	DESC:.	KEY:Traits Output ~ Yuan-Ti																												SOURCEPAGE:MM	
Yuan-Ti Traits	CATEGORY:Special Ability	TYPE:SubTraitAbility																		ABILITY:Special Ability|AUTOMATIC|Alternate Form (Sp)|Detect Poison													SOURCEPAGE:MM	
#Yugoloth																																		
CATEGORY=Internal|Master Traits.MOD	ABILITY:Special Ability|AUTOMATIC|Yugoloth Traits|PRERACE:1,RACESUBTYPE=Yugoloth																																	
CATEGORY=Internal|Master Traits.MOD	ABILITY:Special Ability|AUTOMATIC|Traits Output ~ Yugoloth|PREMULT:2,[PREVAREQ:NoTypeTraits,0],[PRERACE:1,RACESUBTYPE=Yugoloth]																																	
Yugoloth Traits	CATEGORY:Special Ability	TYPE:SpecialQuality.RacialTrait	VISIBLE:YES	DESC:.	KEY:Traits Output ~ Yugoloth																												SOURCEPAGE:MM	
Yugoloth Traits	CATEGORY:Special Ability	TYPE:SubTraitAbility						DEFINE:FireResistanceBonus|10	DEFINE:ColdResistanceBonus|10			BONUS:VAR|DarkvisionRange|60|TYPE=Base								ABILITY:Special Ability|AUTOMATIC|Resistance To Cold|Resistance To Fire|Resistance To Electricity|Immunity To Poison|Immunity To Acid		AUTO:LANG|Abyssal|Draconic|Infernal|Telepathy											SOURCEPAGE:MM	
																																		
## MountSubType																																		
#Mount																																		
CATEGORY=Internal|Master Traits.MOD	ABILITY:Special Ability|AUTOMATIC|Mount Traits|PRERACE:1,RACESUBTYPE=Mount																																	
CATEGORY=Internal|Master Traits.MOD	ABILITY:Special Ability|AUTOMATIC|Traits Output ~ Mount|PREMULT:2,[PREVAREQ:NoTypeTraits,0],[PRERACE:1,RACESUBTYPE=Mount]																																	
Mount Traits	CATEGORY:Special Ability	TYPE:SpecialQuality.RacialTrait	VISIBLE:YES	DESC:.	KEY:Traits Output ~ Mount																												SOURCEPAGE:MM	
CATEGORY=Special Ability|Traits Output ~ Mount.MOD	DESC:Wild creature commonly found around the world.|PREABILITY:1,CATEGORY=Training Level,Wild																																
CATEGORY=Special Ability|Traits Output ~ Mount.MOD	DESC:The creature can sustain the presence of a rider, but it's cannot be reliable during a combat.|PREABILITY:1,CATEGORY=Training Level,Rideable																																
CATEGORY=Special Ability|Traits Output ~ Mount.MOD	DESC:The mount is trained to perform some simple tricks.|PREABILITY:1,CATEGORY=Training Level,Basic Training																																
CATEGORY=Special Ability|Traits Output ~ Mount.MOD	DESC:The mount can advance into mount classes.|PREABILITY:1,CATEGORY=Training Level,Advanced Workout																																
Mount Traits	CATEGORY:Special Ability	TYPE:SubTraitAbility																		ABILITY:Training Level|AUTOMATIC|Wild													SOURCEPAGE:MM	
CATEGORY=Special Ability|Animal Traits.MOD	BONUS:ABILITYPOOL|Breed Classification|1	BONUS:ABILITYPOOL|Breed Quality|1
CATEGORY=Special Ability|Vermin Traits.MOD	BONUS:ABILITYPOOL|Breed Classification|1	BONUS:ABILITYPOOL|Breed Quality|1
CATEGORY=Special Ability|Magical Beast Traits.MOD	BONUS:ABILITYPOOL|Breed Classification|1	BONUS:ABILITYPOOL|Breed Quality|1
																																		
## ElementSubType																																		
#Acid																																		
CATEGORY=Internal|Master Traits.MOD	ABILITY:Special Ability|AUTOMATIC|Acid Traits|PRERACE:1,RACESUBTYPE=Acid																																	
CATEGORY=Internal|Master Traits.MOD	ABILITY:Special Ability|AUTOMATIC|Traits Output ~ Acid|PREMULT:2,[PREVAREQ:NoTypeTraits,0],[PRERACE:1,RACESUBTYPE=Acid]																																	
Acid Traits	CATEGORY:Special Ability	TYPE:SpecialQuality.RacialTrait	VISIBLE:YES	DESC:.	KEY:Traits Output ~ Acid																												SOURCEPAGE:??	
Acid Traits	CATEGORY:Special Ability	TYPE:SubTraitAbility																		ABILITY:Special Ability|AUTOMATIC|Immunity To Acid|Vulnerability To Water													SOURCEPAGE:??	
#Electricity																																		
CATEGORY=Internal|Master Traits.MOD	ABILITY:Special Ability|AUTOMATIC|Electricity Traits|PRERACE:1,RACESUBTYPE=Electricity																																	
CATEGORY=Internal|Master Traits.MOD	ABILITY:Special Ability|AUTOMATIC|Traits Output ~ Electricity|PREMULT:2,[PREVAREQ:NoTypeTraits,0],[PRERACE:1,RACESUBTYPE=Electricity]																																	
Electricity Traits	CATEGORY:Special Ability	TYPE:SpecialQuality.RacialTrait	VISIBLE:YES	DESC:.	KEY:Traits Output ~ Electricity																												SOURCEPAGE:??	
Electricity Traits	CATEGORY:Special Ability	TYPE:SubTraitAbility						DEFINE:Maneuverability|5												ABILITY:Special Ability|AUTOMATIC|Flight Maneuverability|Immunity To Electricity|Vulnerability To Water													SOURCEPAGE:??	

#Mount
Wild	CATEGORY:Special Ability	TYPE:Training.SpecialQuality	VISIBLE:YES	DESC:Wild creature.							BONUS:ABILITYPOOL|Training Level|1	BONUS:ABILITYPOOL|Animal Trick|-3|PRERACE:1,RACETYPE=Animal|!PREABILITY:1,CATEGORY=Special Ability,Animal Tricks and Training	BONUS:ABILITYPOOL|Animal Trick|-3|PRERACE:1,RACETYPE=Animal|PRESTAT:1,INT=2|!PREABILITY:1,CATEGORY=Special Ability,Animal Tricks and Training																			SOURCEPAGE:G			
Rideable	CATEGORY:Special Ability	TYPE:Training.SpecialQuality	VISIBLE:YES	DESC:Rideable creature			PREABILITY:1,CATEGORY=Special Ability,Wild				BONUS:ABILITYPOOL|Training Level|1																					SOURCEPAGE:G
Basic Training	CATEGORY:Special Ability	TYPE:Training.SpecialQuality	VISIBLE:YES	DESC:%1 tricks|BasicTrainingNumber			PREABILITY:1,CATEGORY=Special Ability,Rideable	DEFINE:BasicTrainingNumber|0			BONUS:ABILITYPOOL|Animal Trick|BasicTrainingNumber	BONUS:ABILITYPOOL|Training Level|1	BONUS:WEAPONPROF=Hoof|TOHIT|5|PRETEMPLATE:1,Horse Untrained 						TEMPLATE:Trained													SOURCEPAGE:PHB	
