SOURCELONG:Gozzilioni	SOURCESHORT:G	SOURCEWEB:http://www.gozzilioni.net																																																																																																																																																																												
																																																																																																																																																																														
# Race Name	Favored Class		Skills/Level		Starting Feats	Size		Move			Ignore Encumberance				Face/Space	Reach		Vision			Automatic Languages		Bonus Languages							Change Weapon Prof. Category			Save checks bonus							Combat bonus							Bonus to DC				Bonus to skill																														Stat bonus								Automaticaly Gained Weapon Prof.				Weapon prof. bonus						Special ABility																																																																Main Race Type	Race Subtype		Type			CR		Source Page			Innate Spells
Half-Elf.MOD	RACESUBTYPE:Human|Half-Elf																																																																																																																																																																													
Half-Orc.MOD	RACESUBTYPE:Human|Half-Orc																																																																																																																																																																													
