SOURCELONG:Gozzilioni	SOURCESHORT:G	SOURCEWEB:http://www.gozzilioni.net
# Class Name	Hit Dice	Type			Max Level		Source Page					Ability												Save checks bonus											Combat bonus
# Class Name	Reg. Race Type																																		
# Class Name	Skill Pts/Lvl	Add INT to Skill Points?																																	
CLASS:Precocious Spells (Arcane/INT)	HD:1	TYPE:PreAppSpells	ABB:Precocious Apprentice	VISIBLE:NO								
CLASS:Precocious Spells (Arcane/INT)	SPELLSTAT:INT	BONUSSPELLSTAT:NONE	SPELLTYPE:Arcane	SPELLBOOK:YES	BONUS:CASTERLEVEL|Precocious Spells (Arcane/INT)|TL							
1	CAST:0,0,1											
#												
CLASS:Precocious Spells (Arcane/CHA)	HD:1	TYPE:PreAppSpells	ABB:Precocious Apprentice	VISIBLE:NO								
CLASS:Precocious Spells (Arcane/CHA)	SPELLSTAT:CHA	BONUSSPELLSTAT:NONE	SPELLTYPE:Arcane	SPELLBOOK:YES	BONUS:CASTERLEVEL|Precocious Spells (Arcane/CHA)|TL							
1	CAST:0,0,1											
#
CLASS:Precocious Spells (Arcane/WIS)	HD:1	TYPE:PreAppSpells	ABB:Precocious Apprentice	VISIBLE:NO								
CLASS:Precocious Spells (Arcane/WIS)	SPELLSTAT:WIS	BONUSSPELLSTAT:NONE	SPELLTYPE:Arcane	SPELLBOOK:YES	BONUS:CASTERLEVEL|Precocious Spells (Arcane/CHA)|TL							
1	CAST:0,0,1
#