SOURCELONG:DandD Wiki	SOURCESHORT:ddw	SOURCEWEB:http://www.dandwiki.com																																																																						
																																																																								
# Race Name	Output Name	Favored Class	Starting Feats	Size	Move	Face/Space	Reach	Vision		Required AL	Automatic Languages	Bonus Languages	Combat bonus		Bonus to skill				Stat bonus								Racial Class Skills	Automaticaly Gained Shield Prof.		Automaticaly Gained Weapon Prof.		Virtual Feat		Feat		Nb Legs	Nb Hands	Weapon prof. bonus			Natural Attacks		ABILITY:Special Ability|AUTOMATIC|	ABILITY:Special Ability|AUTOMATIC|					Spell Res.	Damage Reduction		MONSTERCLASS	Main Race Type	Race Subtype	Type	Template			Hit Dice	Hit Dice Advancement	Level Adjustment	CR	Source Page	Innate Spells								BONUS:VAR|Maneuverability|
Puma			STARTFEATS:1	SIZE:M	MOVE:Walk,45,climb,25	FACE:5	REACH:5	VISION:Low-light		PREALIGN:TN			BONUS:COMBAT|AC|1|TYPE=NaturalArmor.REPLACE						BONUS:STAT|STR|8	BONUS:STAT|DEX|10	BONUS:STAT|CON|4	BONUS:STAT|INT|-6	BONUS:STAT|WIS|2	BONUS:STAT|CHA|-2			MONCSKILL:Climb|Hide|Jump|Move Silently|Swim									LEGS:4	HANDS:0				NATURALATTACKS:Claw,Weapon.Natural.Melee.Finesseable.Piercing.Slashing,*2,1d4|Bite,Weapon.Natural.Melee.Finesseable.Bludgeoning.Piercing.Slashing,*1,1d6		ABILITY:Special Ability|AUTOMATIC|Pounce|Rake	ABILITY:Special Ability|AUTOMATIC|Scent								MONSTERCLASS:Animal:3	RACETYPE:Animal		TYPE:Animal	TEMPLATE:Animal				HITDICEADVANCEMENT:3,6		CR:3	SOURCEPAGE:ddw									
Crab			STARTFEATS:1	SIZE:D	MOVE:Walk,10,Burrow,10,Climb,10,Swim,10	FACE:0	REACH:0	VISION:Low-light|Tremorsense (30')		PREALIGN:TN			BONUS:COMBAT|AC|2*SIZE|TYPE=NaturalArmor.REPLACE						BONUS:STAT|STR|-4	BONUS:STAT|DEX|8		BONUS:STAT|INT|-10		BONUS:STAT|CHA|-10			MONCSKILL:Listen|Spot									LEGS:6	HANDS:2				NATURALATTACKS:Claw,Weapon.Natural.Melee.Finesseable.Piercing.Slashing,*2,1d2		ABILITY:Special Ability|AUTOMATIC|Improved Grab	ABILITY:Special Ability|AUTOMATIC|Amphibious								MONSTERCLASS:Animal:1	RACETYPE:Animal		TYPE:Animal	TEMPLATE:Animal|Aquatic	TEMPLATE:Eighth Hitdie			HITDICEADVANCEMENT:2,4,6,8,10		CR:1/6	SOURCEPAGE:ddw									
Flying Squirrel			STARTFEATS:1	SIZE:T	MOVE:Walk,15,Climb,15,Glide,15	FACE:2.5	REACH:0	VISION:Low-light		PREALIGN:TN									BONUS:STAT|STR|-8	BONUS:STAT|DEX|6		BONUS:STAT|INT|-8	BONUS:STAT|WIS|2	BONUS:STAT|CHA|-8			MONCSKILL:Balance|Climb|Hide|Move Silently|Swim									LEGS:2	HANDS:2				NATURALATTACKS:Bite,Weapon.Natural.Melee.Finesseable.Bludgeoning.Piercing.Slashing,*1,1d3			ABILITY:Special Ability|AUTOMATIC|Scent|Flying Squirrel Skill								MONSTERCLASS:Animal:1	RACETYPE:Animal		TYPE:Animal	TEMPLATE:Animal						CR:1/8	SOURCEPAGE:ddw									
Fox			STARTFEATS:1	SIZE:T	MOVE:Walk,60,Burrow,5	FACE:2.5	REACH:0	VISION:Low-light		PREALIGN:TN			BONUS:COMBAT|AC|2|TYPE=NaturalArmor.REPLACE		BONUS:SKILL|Climb,Escape Artist,Spot|4|TYPE=Racial	BONUS:SKILL|Balance,Hide,Jump|10|TYPE=Racial	BONUS:SKILL|Listen|6|TYPE=Racial		BONUS:STAT|STR|2	BONUS:STAT|DEX|6		BONUS:STAT|INT|-8	BONUS:STAT|WIS|-2	BONUS:STAT|CHA|-2			MONCSKILL:Balance|Climb|Escape Artist|Hide|Jump|Listen|Move Silently|Spot									LEGS:4	HANDS:0				NATURALATTACKS:Bite,Weapon.Natural.Melee.Finesseable.Bludgeoning.Piercing.Slashing,*1,2d4|Claw,Weapon.Natural.Melee.Finesseable.Piercing.Slashing,*2,2d6		ABILITY:Special Ability|AUTOMATIC|Attach	ABILITY:Special Ability|AUTOMATIC|Scent								MONSTERCLASS:Animal:2	RACETYPE:Animal		TYPE:Animal	TEMPLATE:Animal				HITDICEADVANCEMENT:2,3,6		CR:1	SOURCEPAGE:ddw									
Kangaroo			STARTFEATS:1	SIZE:M	MOVE:Walk,40	FACE:5	REACH:5			PREALIGN:TN			BONUS:COMBAT|AC|1|TYPE=NaturalArmor.REPLACE		BONUS:SKILL|Balance|2|TYPE=Racial	BONUS:SKILL|Jump|10|TYPE=Racial			BONUS:STAT|STR|8	BONUS:STAT|DEX|4	BONUS:STAT|CON|4	BONUS:STAT|INT|-8		BONUS:STAT|CHA|-6			MONCSKILL:Balance|Jump|Listen|Spot							AUTO:FEAT|Improved Unarmed Strike		LEGS:2	HANDS:2				NATURALATTACKS:Kick,Weapon.Natural.Melee.Finesseable.Bludgeoning,*2,1d4|Punch,Weapon.Natural.Melee.Finesseable.Bludgeoning,*1,1d4		ABILITY:Special Ability|AUTOMATIC|Improved Grapple									MONSTERCLASS:Animal:3	RACETYPE:Animal		TYPE:Animal	TEMPLATE:Animal				HITDICEADVANCEMENT:4,6,12		CR:1	SOURCEPAGE:ddw									
Lynx			STARTFEATS:1	SIZE:M	MOVE:Walk,40	FACE:5	REACH:5	VISION:Low-light		PREALIGN:TN			BONUS:COMBAT|AC|1|TYPE=NaturalArmor.REPLACE		BONUS:SKILL|Balance,Climb|4|TYPE=Racial	BONUS:SKILL|Hide,Move Silently|8|TYPE=Racial			BONUS:STAT|STR|6	BONUS:STAT|DEX|8	BONUS:STAT|CON|4	BONUS:STAT|INT|-8	BONUS:STAT|WIS|4	BONUS:STAT|CHA|-6			MONCSKILL:Balance|Climb|Hide|Listen|Move Silently|Spot							AUTO:FEAT|Swift and Silent		LEGS:4	HANDS:0				NATURALATTACKS:Claw,Weapon.Natural.Melee.Finesseable.Piercing.Slashing,*2,1d4|Bite,Weapon.Natural.Melee.Finesseable.Bludgeoning.Piercing.Slashing,*1,1d6		ABILITY:Special Ability|AUTOMATIC|Ravage	ABILITY:Special Ability|AUTOMATIC|Scent								MONSTERCLASS:Animal:3	RACETYPE:Animal		TYPE:Animal	TEMPLATE:Animal				HITDICEADVANCEMENT:5		CR:2	SOURCEPAGE:ddw									
