SOURCELONG:Book of Exalted Deeds	SOURCESHORT:EXD	SOURCEWEB:http://www.gozzilioni.net																														
#																																
###Block: Proficiencies																																
# Ability Name	Category of Ability	Type	Visible	Special ABility					Define					Bonus					Stackable?	Multiple?	Choose	select										Source Page
Weapon and Armor Proficiency	CATEGORY:Special Ability	TYPE:ClassAbility.SpecialQuality			KEY:Weapon and Armor Proficiency ~ Annointed Knight																		ABILITY:Special Ability|AUTOMATIC|All Automatic Proficiencies|All Martial Weapon Proficiencies	AUTO:FEAT|Simple Weapon Proficiency|Martial Weapon Proficiency Output	AUTO:FEAT|Armor Proficiency (Light)|Armor Proficiency (Medium)|Armor Proficiency (Heavy)	AUTO:FEAT|Shield Proficiency|Tower Shield Proficiency						SOURCEPAGE:EXD
Weapon and Armor Proficiency	CATEGORY:Special Ability	TYPE:ClassAbility.SpecialQuality			KEY:Weapon and Armor Proficiency ~ Beloved of Valarian																		ABILITY:Special Ability|AUTOMATIC|All Automatic Proficiencies|All Martial Weapon Proficiencies|Shield Proficiency ~ Light	AUTO:FEAT|Simple Weapon Proficiency|Martial Weapon Proficiency Output	AUTO:FEAT|Armor Proficiency (Light)							SOURCEPAGE:EXD
Weapon and Armor Proficiency	CATEGORY:Special Ability	TYPE:ClassAbility.SpecialQuality			KEY:Weapon and Armor Proficiency ~ Fist of Raziel																		ABILITY:Special Ability|AUTOMATIC|All Automatic Proficiencies|All Martial Weapon Proficiencies	AUTO:FEAT|Simple Weapon Proficiency|Martial Weapon Proficiency Output	AUTO:FEAT|Armor Proficiency (Light)|Armor Proficiency (Medium)|Armor Proficiency (Heavy)	AUTO:FEAT|Shield Proficiency						SOURCEPAGE:EXD
Weapon and Armor Proficiency	CATEGORY:Special Ability	TYPE:ClassAbility.SpecialQuality			KEY:Weapon and Armor Proficiency ~ Skylord																		ABILITY:Special Ability|AUTOMATIC|All Automatic Proficiencies|All Martial Weapon Proficiencies	AUTO:FEAT|Simple Weapon Proficiency|Martial Weapon Proficiency Output	AUTO:FEAT|Armor Proficiency (Light)|Armor Proficiency (Medium)|Armor Proficiency (Heavy)	AUTO:FEAT|Shield Proficiency|Tower Shield Proficiency						SOURCEPAGE:EXD
Weapon and Armor Proficiency	CATEGORY:Special Ability	TYPE:ClassAbility.SpecialQuality			KEY:Weapon and Armor Proficiency ~ Stalker of Karash																		ABILITY:Special Ability|AUTOMATIC|All Automatic Proficiencies|All Martial Weapon Proficiencies	AUTO:FEAT|Simple Weapon Proficiency|Martial Weapon Proficiency Output								SOURCEPAGE:EXD
Weapon and Armor Proficiency	CATEGORY:Special Ability	TYPE:ClassAbility.SpecialQuality			KEY:Weapon and Armor Proficiency ~ Vassal of Bahamut																		ABILITY:Special Ability|AUTOMATIC|All Automatic Proficiencies|All Martial Weapon Proficiencies	AUTO:FEAT|Simple Weapon Proficiency|Martial Weapon Proficiency Output	AUTO:FEAT|Armor Proficiency (Light)|Armor Proficiency (Medium)|Armor Proficiency (Heavy)	AUTO:FEAT|Shield Proficiency						SOURCEPAGE:EXD
