SOURCELONG:Ravenloft Dungeon Master's Guide	SOURCESHORT:RLDMG	SOURCEWEB:http://www.gozzilioni.net																														
																																
###Block: Proficiencies																																
# Ability Name	Category of Ability	Type	Visible	Special ABility					Define					Bonus					Stackable?	Multiple?	Choose	select										Source Page
#Ninja Weapon Proficiencies	CATEGORY:Special Ability	TYPE:Special	VISIBLE:NO	AUTO:WEAPONPROF|Crossbow (Hand)|Kama|Kukri|Nunchaku|Sai|Shortbow|Sword (Short)|Shuriken|Siangham						SAB:Daisho Proficiency (Ex)	ADD:FEAT|Exotic Weapon Proficiency(Sword (Bastard))																					SOURCEPAGE:MM2
Gauntlets of Ghoulish Appetite ~ Claw	CATEGORY:Special Ability	TYPE:Special	VISIBLE:NO	TEMPLATE:Gauntlets of Ghoulish Appetite ~ Claw			PREEQUIP:1,Gauntlets of Ghoulish Appetite
# Ability Name																																
#Ninja AC	CATEGORY:Special Ability	TYPE:Internal	VISIBLE:NO						DEFINE:NinjaAC|0	DEFINE:NinjaACLVL|0				BONUS:COMBAT|AC|max(WIS,0)+NinjaAC|PREVAREQ:ENCUMBERANCE,0,var("COUNT[EQTYPE.ARMOR.EQUIPPED]"),0	BONUS:VAR|NinjaAC|(NinjaACLVL)/5																	SOURCEPAGE:MM2
Morbid Arcana	CATEGORY:Special Ability	TYPE:SpecialQuality.LoremasterSecret	VISIBLE:YES					PREVARGTEQ:SecretLore,11						BONUS:VAR|TurnLevelUndead|1																		SOURCEPAGE:RLDMG, pag 109
Hidden Past	CATEGORY:Special Ability	TYPE:SpecialQuality.LoremasterSecret	VISIBLE:YES	DESC:+1 bonus on all saves against a specific Darklord's attacks.				PREVARGTEQ:SecretLore,12																								SOURCEPAGE:RLDMG, pag 109
Unseen Past	CATEGORY:Special Ability	TYPE:SpecialQuality.LoremasterSecret	VISIBLE:YES	DESC:location and method of opening one portal out to Ravenloft				PREVARGTEQ:SecretLore,13																								SOURCEPAGE:RLDMG, pag 109
