SOURCELONG:Arms and Equipment Guide	SOURCESHORT:AaEG	SOURCEWEB:http://www.gozzilioni.net									
											
###Block:Wands											
# Equipment Name											
Rod of Construct Control			TYPE:Magic.Rod	COST:68850	WT:5	SOURCEPAGE:AaEG	BASEITEM:Rod				
Rod of Embassy			TYPE:Magic.Rod	COST:20000	WT:5	SOURCEPAGE:AaEG	BASEITEM:Rod				
Rod of Force			TYPE:Magic.Rod	COST:125000	WT:5	SOURCEPAGE:AaEG	BASEITEM:Rod		SPROP:for a total of 5/day: Blast of Force 10d6 ranged touch attack, Wall of Force, Blade of Force 10 rnds +1 brilliant energy longsword.		
Rod of Ghost			TYPE:Magic.Rod	COST:50000	WT:5	SOURCEPAGE:AaEG	BASEITEM:Rod		SPROP:touch attack incorporeal creature deal 2d4 points of damage.		
Rod of Mimicry			TYPE:Magic.Rod	COST:30000	WT:5	SOURCEPAGE:AaEG	BASEITEM:Rod		SPROP:mimicry any voice (Wll DC 17 to disbelief).	BONUS:SKILL|Disguise,Forgery,Use Magic Device|10|TYPE=Competence	SPELLS:Rod of Mimicry|TIMES=ATWILL|CASTERLEVEL=6|Ventriloquism
Rod of Paralysis			TYPE:Magic.Rod	COST:22000	WT:5	SOURCEPAGE:AaEG	BASEITEM:Rod	EQMOD:CHARGED_ITEM_50|CHARGES[50]	SPROP:2/day Hold Person, Hold Animal or 1/day Hold Monster for 1 charge each use.		
Rod of Tentacles (Lesser)	OUTPUTNAME:Rod of Tentacles, Lesser		TYPE:Magic.Rod	COST:21000	WT:5	SOURCEPAGE:AaEG	BASEITEM:Rod		SPROP:3 Tentacles +9, STR 16.		
Rod of Tentacles (Greater)	OUTPUTNAME:Rod of Tentacles, Greater		TYPE:Magic.Rod	COST:21000	WT:5	SOURCEPAGE:AaEG	BASEITEM:Rod		SPROP:6 Tentacles +15, STR 22.		
Rod of Trackink			TYPE:Magic.Rod	COST:37800	WT:5	SOURCEPAGE:AaEG	BASEITEM:Rod				
Rod of Trees			TYPE:Magic.Rod	COST:120000	WT:5	SOURCEPAGE:AaEG	BASEITEM:Rod				
Rod of Warning			TYPE:Magic.Rod	COST:58000	WT:5	SOURCEPAGE:AaEG	BASEITEM:Rod				
											
# Equipment Name											
Staff of Artisan			TYPE:Magic.Staff	COST:69800	WT:5	SOURCEPAGE:AaEG	BASEITEM:Staff	EQMOD:CHARGED_ITEM_50|CHARGES[50]			
Staff of Assassin			TYPE:Magic.Staff	COST:24000	WT:5	SOURCEPAGE:AaEG	BASEITEM:Staff	EQMOD:CHARGED_ITEM_50|CHARGES[50]			
Staff of Cacophony			TYPE:Magic.Staff	COST:60000	WT:5	SOURCEPAGE:AaEG	BASEITEM:Staff	EQMOD:CHARGED_ITEM_50|CHARGES[50]			
Staff of Creation			TYPE:Magic.Staff	COST:45000	WT:5	SOURCEPAGE:AaEG	BASEITEM:Staff	EQMOD:CHARGED_ITEM_50|CHARGES[50]			
Staff of Destruction			TYPE:Magic.Staff	COST:98500	WT:5	SOURCEPAGE:AaEG	BASEITEM:Staff	EQMOD:CHARGED_ITEM_50|CHARGES[50]			
Staff of the Fallen			TYPE:Magic.Staff	COST:24000	WT:5	SOURCEPAGE:AaEG	BASEITEM:Staff	EQMOD:CHARGED_ITEM_50|CHARGES[50]			
Staff of Fellowship			TYPE:Magic.Staff	COST:80000	WT:5	SOURCEPAGE:AaEG	BASEITEM:Staff	EQMOD:CHARGED_ITEM_50|CHARGES[50]			
Staff of Glory			TYPE:Magic.Staff	COST:80000	WT:5	SOURCEPAGE:AaEG	BASEITEM:Staff	EQMOD:CHARGED_ITEM_50|CHARGES[50]			
Staff of Goblin Lord			TYPE:Magic.Staff	COST:26625	WT:5	SOURCEPAGE:AaEG	BASEITEM:Staff	EQMOD:CHARGED_ITEM_50|CHARGES[50]		BONUS:STAT|CHA|2|TYPE=Enhancement|PREMULT:1,[PRERACE:1,RACESUBTYPE=Goblin],[PRERACE:1,RACESUBTYPE=Orc]	
Staff of Liberation			TYPE:Magic.Staff	COST:45000	WT:5	SOURCEPAGE:AaEG	BASEITEM:Staff	EQMOD:CHARGED_ITEM_50|CHARGES[50]			
Staff of Madness			TYPE:Magic.Staff	COST:110000	WT:5	SOURCEPAGE:AaEG	BASEITEM:Staff	EQMOD:CHARGED_ITEM_50|CHARGES[50]			
Staff of Righteusness			TYPE:Magic.Staff	COST:34000	WT:5	SOURCEPAGE:AaEG	BASEITEM:Staff	EQMOD:CHARGED_ITEM_50|CHARGES[50]			
Staff of Sacred Fire			TYPE:Magic.Staff.DivineFocus	COST:60000	WT:5	SOURCEPAGE:AaEG	BASEITEM:Staff	EQMOD:CHARGED_ITEM_50|CHARGES[50]			
Staff of Spider			TYPE:Magic.Staff	COST:42600	WT:5	SOURCEPAGE:AaEG	BASEITEM:Staff	EQMOD:CHARGED_ITEM_50|CHARGES[50]			
