SOURCELONG:Arms and Equipment Guide	SOURCESHORT:AaEG	SOURCEWEB:http://www.wizards.com																									
																											
#Melee Weapons																											
#Sword (Katana)	OUTPUTNAME:Sword, Katana	PROFICIENCY:WEAPON|Sword (Bastard)	TYPE:Weapon.Melee.Martial.Exotic.Standard.Slashing.Sword	COST:35	WT:6	WIELD:TwoHanded		SIZE:M	DAMAGE:1d10	CRITRANGE:2	CRITMULT:x2	EQMOD:STEEL.MWORKW						SOURCEPAGE:CW	REACHMULT:2							BONUS:WEAPON|WIELDCATEGORY|-1|PREFEAT:1,Exotic Weapon Proficiency(Sword (Bastard)),Exotic Weapon Proficiency(Sword (Katana))	
Lucern Hammer		PROFICIENCY:WEAPON|Lucern Hammer	TYPE:Weapon.Melee.Martial.Standard.Piercing.Hammer	COST:12	WT:10	WIELD:TwoHanded		SIZE:M	DAMAGE:2d4	CRITRANGE:1	CRITMULT:x4	EQMOD:STEEL						SOURCEPAGE:AeEG									
#Maul	vedi CW																										
#																											
#Exotic Weapon																											
Bracers (Claw)	OUTPUTNAME:[NAME] Bracers	PROFICIENCY:WEAPON|Bracers (Claw)	TYPE:Weapon.Melee.Exotic.Standard.Piercing.Claw	COST:30	WT:2	WIELD:Light		SIZE:M	DAMAGE:1d4	CRITRANGE:2	CRITMULT:x2	EQMOD:STEEL						SOURCEPAGE:AeEG									
Bracers (Claw/Panther)	OUTPUTNAME:[NAME] Bracers	PROFICIENCY:WEAPON|Bracers (Claw)	TYPE:Weapon.Melee.Exotic.Standard.Piercing.Claw	COST:75	WT:3	WIELD:Light		SIZE:M	DAMAGE:1d4	CRITRANGE:1	CRITMULT:x3	EQMOD:STEEL						SOURCEPAGE:AeEG									
Dagger (Stump)	OUTPUTNAME:Dagger, [NAME]	PROFICIENCY:WEAPON|Dagger (Stump)	TYPE:Weapon.Melee.Finesseable.Exotic.Standard.Piercing.Dagger	COST:8	WT:2	WIELD:Light		SIZE:M	DAMAGE:1d4	CRITRANGE:2	CRITMULT:x2	EQMOD:STEEL						SOURCEPAGE:AeEG									
Bracers (Claw/Tiger)	OUTPUTNAME:[NAME] Bracers	PROFICIENCY:WEAPON|Bracers (Claw)	TYPE:Weapon.Melee.Exotic.Standard.Piercing.Claw	COST:5	WT:2	WIELD:Light		SIZE:M	DAMAGE:1d4	CRITRANGE:2	CRITMULT:x2	EQMOD:STEEL						SOURCEPAGE:AeEG									
Gauntlet (Ward Cestus)	OUTPUTNAME:Gauntlet, [NAME]	PROFICIENCY:WEAPON|Gauntlet (Ward Cestus)	TYPE:Weapon.Melee.Finesseable.Exotic.Standard.Piercing.Unarmed.Gauntlet	COST:10	WT:4	WIELD:Light	SLOTS:1	SIZE:M	DAMAGE:1d3	CRITRANGE:1	CRITMULT:x2	EQMOD:STEEL						SOURCEPAGE:AeEG									
Battlepick (Gnome)	OUTPUTNAME:Battlepick, Gnome	PROFICIENCY:WEAPON|Battlepick (Gnome)	TYPE:Weapon.Melee.Martial.Exotic.Standard.Piercing.Pick.Gnomish	COST:10	WT:5	WIELD:TwoHanded		SIZE:S	DAMAGE:1d6	CRITRANGE:1	CRITMULT:x4	EQMOD:STEEL						SOURCEPAGE:AeEG								BONUS:WEAPON|WIELDCATEGORY|-1|PREFEAT:1,Exotic Weapon Proficiency(Battlepick (Gnome))	
#Gauntlet (Bladed)	vedi Nep																										
#Sai	vedi DMG																										
Sapara		PROFICIENCY:WEAPON|Sapara	TYPE:Weapon.Melee.Exotic.Standard.Slashing	COST:15	WT:6	WIELD:Light		SIZE:M	DAMAGE:1d6	CRITRANGE:2	CRITMULT:x2	EQMOD:STEEL						SOURCEPAGE:AeEG									
Sword (Butterfly)	OUTPUTNAME:Sword, [NAME]	PROFICIENCY:WEAPON|Sword (Butterfly)	TYPE:Weapon.Melee.Exotic.Standard.Slashing.Sword	COST:10	WT:2	WIELD:Light		SIZE:M	DAMAGE:1d6	CRITRANGE:2	CRITMULT:x2	EQMOD:STEEL						SOURCEPAGE:AeEG									
Tonfa		PROFICIENCY:WEAPON|Tonfa	TYPE:Weapon.Melee.Exotic.Standard.Bludgeoning	COST:0.2	WT:2	WIELD:Light		SIZE:M	DAMAGE:1d6	CRITRANGE:1	CRITMULT:x2	EQMOD:STEEL						SOURCEPAGE:AeEG									
War Fan		PROFICIENCY:WEAPON|War Fan	TYPE:Weapon.Melee.Exotic.Standard.Slashing	COST:30	WT:3	WIELD:Light		SIZE:M	DAMAGE:1d6	CRITRANGE:1	CRITMULT:x3	EQMOD:STEEL						SOURCEPAGE:AeEG									
Chain and Dagger	OUTPUTNAME:Chain-and-Dagger	PROFICIENCY:WEAPON|Chain and Dagger	TYPE:Weapon.Melee.Exotic.Reach.Finesseable.Standard.Piercing.Chain	COST:4	WT:4	WIELD:TwoHanded		SIZE:M	DAMAGE:1d4	CRITRANGE:2	CRITMULT:x2	EQMOD:STEEL						SOURCEPAGE:AeEG	REACHMULT:2								
#Sword (Kopesh)	vedi FRCS																										
Sword (Mercurial)	OUTPUTNAME:Sword, Mercurial	PROFICIENCY:WEAPON|Sword (Mercurial)	TYPE:Weapon.Melee.Exotic.Standard.Slashing.Sword	COST:400	WT:6	WIELD:OneHanded		SIZE:M	DAMAGE:1d8	CRITRANGE:1	CRITMULT:x4	EQMOD:STEEL						SOURCEPAGE:AeEG								BONUS:WEAPON|TOHIT|-2	BONUS:WEAPON|TOHIT|+2|PREFEAT:1,Exotic Weapon Proficiency(Sword (Mercurial))
Duom		PROFICIENCY:WEAPON|Duom	TYPE:Weapon.Melee.Exotic.Standard.Piercing	COST:20	WT:8	WIELD:TwoHanded		SIZE:M	DAMAGE:1d8	CRITRANGE:1	CRITMULT:x3	EQMOD:STEEL						SOURCEPAGE:AeEG	REACHMULT:2								
Greatsword (Mercurial)	OUTPUTNAME:Greatsword, Mercurial	PROFICIENCY:WEAPON|Greatsword (Mercurial)	TYPE:Weapon.Melee.Exotic.Standard.Slashing.Sword	COST:600	WT:17	WIELD:TwoHanded		SIZE:M	DAMAGE:2d6	CRITRANGE:1	CRITMULT:x4	EQMOD:STEEL						SOURCEPAGE:AeEG								BONUS:WEAPON|TOHIT|-3	BONUS:WEAPON|TOHIT|+3|PREFEAT:1,Exotic Weapon Proficiency(Greatsword (Mercurial))
Gyrspike		PROFICIENCY:WEAPON|Gyrspike	TYPE:Weapon.Melee.Exotic.Standard.Bludgeoning.Double	COST:90	WT:20	WIELD:TwoHanded		SIZE:M	DAMAGE:1d8	CRITRANGE:2	CRITMULT:x2	EQMOD:STEEL	ALTTYPE:Weapon.Melee.Exotic.Slashing.Double	ALTDAMAGE:1d8	ALTCRITRANGE:2	ALTCRITMULT:x2	ALTEQMOD:STEEL	SOURCEPAGE:AeEG									
Mace (Double)	OUTPUTNAME:Mace, [NAME]	PROFICIENCY:WEAPON|Mace (Double)	TYPE:Weapon.Melee.Exotic.Standard.Bludgeoning.Double.Macce	COST:125	WT:25	WIELD:TwoHanded		SIZE:M	DAMAGE:1d8	CRITRANGE:1	CRITMULT:x2	EQMOD:STEEL	ALTTYPE:Weapon.Melee.Exotic.Bludgeoning.Double.Mace	ALTDAMAGE:1d8	ALTCRITRANGE:1	ALTCRITMULT:x2	ALTEQMOD:STEEL	SOURCEPAGE:AeEG									
Scimitar (Double)	OUTPUTNAME:Scimitar, [NAME]	PROFICIENCY:WEAPON|Scimitar (Double)	TYPE:Weapon.Melee.Exotic.Standard.Slashing.Scimitar.Double	COST:125	WT:15	WIELD:TwoHanded	SLOTS:2	SIZE:M	DAMAGE:1d6	CRITRANGE:3	CRITMULT:x2	EQMOD:STEEL	ALTTYPE:Weapon.Melee.Exotic.Slashing.Scimitar.Double	ALTDAMAGE:1d6	ALTCRITRANGE:3	ALTCRITMULT:x2	ALTEQMOD:STEEL	SOURCEPAGE:AeEG									
Staff (Three Section)	OUTPUTNAME:Staff, Three-section	PROFICIENCY:WEAPON|Staff (Three Section)	TYPE:Weapon.Melee.Exotic.Standard.Bludgeoning.Staff	COST:4	WT:8	WIELD:TwoHanded		SIZE:M	DAMAGE:1d8	CRITRANGE:1	CRITMULT:x3	EQMOD:WOOD						SOURCEPAGE:AeEG									
Fullblade		PROFICIENCY:WEAPON|Fullblade	TYPE:Weapon.Melee.Martial.Exotic.Standard.Slashing.Sword	COST:100	WT:23	WIELD:TwoHanded		SIZE:L	DAMAGE:2d8	CRITRANGE:2	CRITMULT:x2	EQMOD:STEEL						SOURCEPAGE:AeEG								BONUS:WEAPON|WIELDCATEGORY|-1|PREFEAT:1,Exotic Weapon Proficiency(Fullblade)	
