SOURCELONG:Complete Warrior	SOURCESHORT:CW	SOURCEWEB:http://www.gozzilioni.net																																																																
																																																																		
###Block: G																																																																		
																																																																		
# Race Name	Output Name	Favored Class	Starting Feats	Size	Move	Face/Space	Reach	Vision		Required AL	Automatic Languages	Bonus Languages	Combat bonus		Bonus to skill				Stat bonus								Racial HD Class Skills	Automaticaly Gained Shield Prof.		Automaticaly Gained Weapon Prof.		Virtual Feat		Feat		Nb Legs	Nb Hands	Weapon prof. bonus			Natural Attacks	Special Ability			Define			Spell Res.	Damage Reduction	MONSTERCLASS	Main Race Type	Race Subtype	Type	Template				Hit Dice Advancement	Level Adjustment	CR	Source Page	Innate Spells				
Guardian (Spark)	OUTPUTNAME:[NAME] Guardian			SIZE:T	MOVE:Walk,20,Fly,20	FACE:2.5	REACH:0	VISION:Low-light|Darkvision (60')		PREALIGN:TN			BONUS:COMBAT|AC|4|TYPE=NaturalArmor.REPLACE						BONUS:STAT|STR|-2	BONUS:STAT|DEX|4				BONUS:STAT|CHA|-10												LEGS:2					NATURALATTACKS:Talons,Weapon.Natural.Melee.Finesseable.Piercing.Slashing,*1,1d2|Sparks,Weapon.Natural.Ranged.Piercing,*1,0		ABILITY:Special Ability|AUTOMATIC|Find Master|Sparks						DR:5/-	MONSTERCLASS:Construct (Mindless):2	RACETYPE:Construct		TYPE:Construct	TEMPLATE:Mindless					HITDICEADVANCEMENT:4,6		CR:3	SOURCEPAGE:CW	ABILITY:Special Ability|AUTOMATIC|Fast Healing	BONUS:VAR|FastHealing|1	ABILITY:SPECIAL Ability|AUTOMATIC|Flight Maneuverability	BONUS:VAR|Maneuverability|4
Guardian (Gauntlet)	OUTPUTNAME:[NAME] Guardian			SIZE:S	MOVE:Walk,20	FACE:5	REACH:5	VISION:Low-light|Darkvision (60')		PREALIGN:TN			BONUS:COMBAT|AC|7|TYPE=NaturalArmor.REPLACE						BONUS:STAT|STR|10	BONUS:STAT|DEX|2				BONUS:STAT|CHA|-10												LEGS:2	HANDS:2				NATURALATTACKS:Slam,Weapon.Natural.Melee.Finesseable.Bludgeoning,*2,1d6		ABILITY:Special Ability|AUTOMATIC|Find Master	ABILITY:Special Ability|AUTOMATIC|Spell Storing					DR:5/-	MONSTERCLASS:Construct (Mindless):4	RACETYPE:Construct		TYPE:Construct	TEMPLATE:Mindless					HITDICEADVANCEMENT:8,12		CR:4	SOURCEPAGE:CW	ABILITY:Special Ability|AUTOMATIC|Fast Healing	BONUS:VAR|FastHealing|1		
Guardian (Blade)	OUTPUTNAME:[NAME] Guardian			SIZE:M	MOVE:Walk,20	FACE:5	REACH:5	VISION:Low-light|Darkvision (60')		PREALIGN:TN			BONUS:COMBAT|AC|10|TYPE=NaturalArmor.REPLACE						BONUS:STAT|STR|14					BONUS:STAT|CHA|-10												LEGS:2	HANDS:2				NATURALATTACKS:Claw,Weapon.Natural.Melee.Finesseable.Slashing,*2,1d6		ABILITY:Special Ability|AUTOMATIC|Find Master	ABILITY:Special Ability|AUTOMATIC|Guard	ABILITY:Special Ability|AUTOMATIC|Spell Storing				DR:5/-	MONSTERCLASS:Construct (Mindless):8	RACETYPE:Construct		TYPE:Construct	TEMPLATE:Mindless					HITDICEADVANCEMENT:13,24		CR:6	SOURCEPAGE:CW	ABILITY:Special Ability|AUTOMATIC|Fast Healing	BONUS:VAR|FastHealing|1		
