SOURCELONG:Complete Adventurer	SOURCESHORT:CAd	SOURCEWEB:http://www.gozzilioni.net																			
																					
#Bow of Songs	COST:32330																				
#Bowstaff	COST:10975																				
																					
# Equipment Name	Output Name		Type	Cost	Weight	Base Quantity															
Bow of Songs		PROFICIENCY:WEAPON|Shortbow	TYPE:Enhancement.Weapon.Martial.Ranged.Specific.Piercing.TwoHanded.Container.Projectile.Bow.Shortbow	COST:30	WT:2	WIELD:TwoHanded	SLOTS:2	SIZE:M	DAMAGE:1d6	CRITRANGE:1	CRITMULT:x3	EQMOD:WOOD.MWORKW.PLUS2W				RANGE:60	CONTAINS:1|Arrow=1	SOURCEPAGE:CAd	MODS:NO	SPROP:as move action can expend one dayly use of bardic music to gain a bonus equal to his Charisma bonus on attack rolls and damage for next attack.	BONUS:WEAPON|DAMAGE|min(STR,0)
Bowstaff (Longbow)		PROFICIENCY:WEAPON|Longbow	TYPE:Enhancement.Weapon.Martial.Ranged.Specific.Piercing.TwoHanded.Container.Projectile.Bow.Longbow	COST:75	WT:3		SLOTS:2		DAMAGE:1d8	CRITRANGE:1	CRITMULT:x3	EQMOD:WOOD.MWORKW.PLUS2W				RANGE:100	CONTAINS:1|Arrow=1	SOURCEPAGE:CAd	MODS:NO	SPROP:as move action, change into Bowstaff (Staff)	BONUS:WEAPON|DAMAGE|min(STR,0)
