SOURCELONG:Forgotten Realms Campaing Setting	SOURCESHORT:FRCS	SOURCEWEB:http://www.gozzilioni.net														
																
# Equipment Name	Output Name		Type	Cost	Weight	Base Quantity	Modifier	Requires Modification?	Source Page	Weapon prop. bonus	Special Property					
Sword (Cutlass)	OUTPUTNAME:[NAME], Sword	PROFICIENCY:WEAPON|Sword (Cutlass)	TYPE:Weapon.Martial.Melee.Standard.Slashing.Piercing.Light.Finesseable.Sword	COST:15	WT:3		EQMOD:STEEL		SOURCEPAGE:FRCS			CRITMULT:x2	CRITRANGE:2	DAMAGE:1d6	WIELD:Light	SIZE:M
Sword (Saber)	OUTPUTNAME:[NAME], Sword	PROFICIENCY:WEAPON|Sword (Saber)	TYPE:Weapon.Martial.Melee.Standard.Slashing.Piercing.OneHanded.Sword	COST:20	WT:4		EQMOD:STEEL		SOURCEPAGE:FRCS			CRITMULT:x2	CRITRANGE:2	DAMAGE:1d8	WIELD:OneHanded	SIZE:M
Claw Bracer		PROFICIENCY:WEAPON|Claw Bracer	TYPE:Weapon.Exotic.Melee.Standard.Piercing.Light.Finesseable.Claw	COST:30	WT:2		EQMOD:STEEL		SOURCEPAGE:FRCS			CRITMULT:x2	CRITRANGE:2	DAMAGE:1d4	WIELD:Light	SIZE:M
Sword (Kopesh)	OUTPUTNAME:[NAME], Sword	PROFICIENCY:WEAPON|Sword (Kopesh)	TYPE:Weapon.Exotic.Melee.Standard.Slashing.OneHanded.Sword	COST:20	WT:12		EQMOD:STEEL		SOURCEPAGE:FRCS			CRITMULT:x2	CRITRANGE:2	DAMAGE:1d8	WIELD:OneHanded	SIZE:M
